Archive member included to satisfy reference by file (symbol)

c:/users/sunik/appdata/roaming/gnu mcu eclipse/gnu eclipse arm embedded gcc/bin/../lib/gcc/arm-none-eabi/9.2.1/../../../../arm-none-eabi/lib/thumb/v7e-m+fp/hard\libc_nano.a(lib_a-exit.o)
                              c:/users/sunik/appdata/roaming/gnu mcu eclipse/gnu eclipse arm embedded gcc/bin/../lib/gcc/arm-none-eabi/9.2.1/../../../../arm-none-eabi/lib/thumb/v7e-m+fp/hard/crt0.o (exit)
c:/users/sunik/appdata/roaming/gnu mcu eclipse/gnu eclipse arm embedded gcc/bin/../lib/gcc/arm-none-eabi/9.2.1/../../../../arm-none-eabi/lib/thumb/v7e-m+fp/hard\libc_nano.a(lib_a-impure.o)
                              c:/users/sunik/appdata/roaming/gnu mcu eclipse/gnu eclipse arm embedded gcc/bin/../lib/gcc/arm-none-eabi/9.2.1/../../../../arm-none-eabi/lib/thumb/v7e-m+fp/hard\libc_nano.a(lib_a-exit.o) (_global_impure_ptr)
c:/users/sunik/appdata/roaming/gnu mcu eclipse/gnu eclipse arm embedded gcc/bin/../lib/gcc/arm-none-eabi/9.2.1/../../../../arm-none-eabi/lib/thumb/v7e-m+fp/hard\libc_nano.a(lib_a-init.o)
                              c:/users/sunik/appdata/roaming/gnu mcu eclipse/gnu eclipse arm embedded gcc/bin/../lib/gcc/arm-none-eabi/9.2.1/../../../../arm-none-eabi/lib/thumb/v7e-m+fp/hard/crt0.o (__libc_init_array)
c:/users/sunik/appdata/roaming/gnu mcu eclipse/gnu eclipse arm embedded gcc/bin/../lib/gcc/arm-none-eabi/9.2.1/../../../../arm-none-eabi/lib/thumb/v7e-m+fp/hard\libc_nano.a(lib_a-memset.o)
                              c:/users/sunik/appdata/roaming/gnu mcu eclipse/gnu eclipse arm embedded gcc/bin/../lib/gcc/arm-none-eabi/9.2.1/../../../../arm-none-eabi/lib/thumb/v7e-m+fp/hard/crt0.o (memset)
c:/users/sunik/appdata/roaming/gnu mcu eclipse/gnu eclipse arm embedded gcc/bin/../lib/gcc/arm-none-eabi/9.2.1/../../../../arm-none-eabi/lib/thumb/v7e-m+fp/hard\libnosys.a(_exit.o)
                              c:/users/sunik/appdata/roaming/gnu mcu eclipse/gnu eclipse arm embedded gcc/bin/../lib/gcc/arm-none-eabi/9.2.1/../../../../arm-none-eabi/lib/thumb/v7e-m+fp/hard\libc_nano.a(lib_a-exit.o) (_exit)
c:/users/sunik/appdata/roaming/gnu mcu eclipse/gnu eclipse arm embedded gcc/bin/../lib/gcc/arm-none-eabi/9.2.1/thumb/v7e-m+fp/hard\libgcc.a(_aeabi_uldivmod.o)
                              build/stm32l4xx_hal_uart.o (__aeabi_uldivmod)
c:/users/sunik/appdata/roaming/gnu mcu eclipse/gnu eclipse arm embedded gcc/bin/../lib/gcc/arm-none-eabi/9.2.1/thumb/v7e-m+fp/hard\libgcc.a(_udivmoddi4.o)
                              c:/users/sunik/appdata/roaming/gnu mcu eclipse/gnu eclipse arm embedded gcc/bin/../lib/gcc/arm-none-eabi/9.2.1/thumb/v7e-m+fp/hard\libgcc.a(_aeabi_uldivmod.o) (__udivmoddi4)
c:/users/sunik/appdata/roaming/gnu mcu eclipse/gnu eclipse arm embedded gcc/bin/../lib/gcc/arm-none-eabi/9.2.1/thumb/v7e-m+fp/hard\libgcc.a(_dvmd_tls.o)
                              c:/users/sunik/appdata/roaming/gnu mcu eclipse/gnu eclipse arm embedded gcc/bin/../lib/gcc/arm-none-eabi/9.2.1/thumb/v7e-m+fp/hard\libgcc.a(_aeabi_uldivmod.o) (__aeabi_ldiv0)

Allocating common symbols
Common symbol       size              file

uwTick              0x4               build/stm32l4xx_hal.o
huart2              0x80              build/usart.o

Discarded input sections

 .text          0x0000000000000000        0x0 c:/users/sunik/appdata/roaming/gnu mcu eclipse/gnu eclipse arm embedded gcc/bin/../lib/gcc/arm-none-eabi/9.2.1/thumb/v7e-m+fp/hard/crti.o
 .data          0x0000000000000000        0x0 c:/users/sunik/appdata/roaming/gnu mcu eclipse/gnu eclipse arm embedded gcc/bin/../lib/gcc/arm-none-eabi/9.2.1/thumb/v7e-m+fp/hard/crti.o
 .bss           0x0000000000000000        0x0 c:/users/sunik/appdata/roaming/gnu mcu eclipse/gnu eclipse arm embedded gcc/bin/../lib/gcc/arm-none-eabi/9.2.1/thumb/v7e-m+fp/hard/crti.o
 .text          0x0000000000000000        0x0 c:/users/sunik/appdata/roaming/gnu mcu eclipse/gnu eclipse arm embedded gcc/bin/../lib/gcc/arm-none-eabi/9.2.1/thumb/v7e-m+fp/hard/crtbegin.o
 .data          0x0000000000000000        0x0 c:/users/sunik/appdata/roaming/gnu mcu eclipse/gnu eclipse arm embedded gcc/bin/../lib/gcc/arm-none-eabi/9.2.1/thumb/v7e-m+fp/hard/crtbegin.o
 .bss           0x0000000000000000        0x0 c:/users/sunik/appdata/roaming/gnu mcu eclipse/gnu eclipse arm embedded gcc/bin/../lib/gcc/arm-none-eabi/9.2.1/thumb/v7e-m+fp/hard/crtbegin.o
 .data.__dso_handle
                0x0000000000000000        0x4 c:/users/sunik/appdata/roaming/gnu mcu eclipse/gnu eclipse arm embedded gcc/bin/../lib/gcc/arm-none-eabi/9.2.1/thumb/v7e-m+fp/hard/crtbegin.o
 .text          0x0000000000000000       0x74 c:/users/sunik/appdata/roaming/gnu mcu eclipse/gnu eclipse arm embedded gcc/bin/../lib/gcc/arm-none-eabi/9.2.1/../../../../arm-none-eabi/lib/thumb/v7e-m+fp/hard/crt0.o
[...]
Memory Configuration

Name             Origin             Length             Attributes
RAM              0x0000000020000000 0x0000000000018000 xrw
RAM2             0x0000000010000000 0x0000000000008000 xrw
FLASH            0x0000000008000000 0x0000000000100000 xr
*default*        0x0000000000000000 0xffffffffffffffff

Linker script and memory map

LOAD c:/users/sunik/appdata/roaming/gnu mcu eclipse/gnu eclipse arm embedded gcc/bin/../lib/gcc/arm-none-eabi/9.2.1/thumb/v7e-m+fp/hard/crti.o
LOAD c:/users/sunik/appdata/roaming/gnu mcu eclipse/gnu eclipse arm embedded gcc/bin/../lib/gcc/arm-none-eabi/9.2.1/thumb/v7e-m+fp/hard/crtbegin.o
LOAD c:/users/sunik/appdata/roaming/gnu mcu eclipse/gnu eclipse arm embedded gcc/bin/../lib/gcc/arm-none-eabi/9.2.1/../../../../arm-none-eabi/lib/thumb/v7e-m+fp/hard/crt0.o
LOAD build/main.o
LOAD build/gpio.o
LOAD build/usart.o
LOAD build/stm32l4xx_it.o
LOAD build/stm32l4xx_hal_msp.o
LOAD build/stm32l4xx_hal_tim.o
LOAD build/stm32l4xx_hal_tim_ex.o
LOAD build/stm32l4xx_hal_uart.o
LOAD build/stm32l4xx_hal_uart_ex.o
LOAD build/stm32l4xx_hal.o
LOAD build/stm32l4xx_hal_i2c.o
LOAD build/stm32l4xx_hal_i2c_ex.o
LOAD build/stm32l4xx_hal_rcc.o
LOAD build/stm32l4xx_hal_rcc_ex.o
LOAD build/stm32l4xx_hal_flash.o
LOAD build/stm32l4xx_hal_flash_ex.o
LOAD build/stm32l4xx_hal_flash_ramfunc.o
LOAD build/stm32l4xx_hal_gpio.o
LOAD build/stm32l4xx_hal_dma.o
LOAD build/stm32l4xx_hal_dma_ex.o
LOAD build/stm32l4xx_hal_pwr.o
LOAD build/stm32l4xx_hal_pwr_ex.o
LOAD build/stm32l4xx_hal_cortex.o
LOAD build/stm32l4xx_hal_exti.o
LOAD build/system_stm32l4xx.o
LOAD build/startup_stm32l476xx.o
LOAD c:/users/sunik/appdata/roaming/gnu mcu eclipse/gnu eclipse arm embedded gcc/bin/../lib/gcc/arm-none-eabi/9.2.1/../../../../arm-none-eabi/lib/thumb/v7e-m+fp/hard\libc_nano.a
LOAD c:/users/sunik/appdata/roaming/gnu mcu eclipse/gnu eclipse arm embedded gcc/bin/../lib/gcc/arm-none-eabi/9.2.1/../../../../arm-none-eabi/lib/thumb/v7e-m+fp/hard\libm.a
LOAD c:/users/sunik/appdata/roaming/gnu mcu eclipse/gnu eclipse arm embedded gcc/bin/../lib/gcc/arm-none-eabi/9.2.1/../../../../arm-none-eabi/lib/thumb/v7e-m+fp/hard\libnosys.a
START GROUP
LOAD c:/users/sunik/appdata/roaming/gnu mcu eclipse/gnu eclipse arm embedded gcc/bin/../lib/gcc/arm-none-eabi/9.2.1/thumb/v7e-m+fp/hard\libgcc.a
LOAD c:/users/sunik/appdata/roaming/gnu mcu eclipse/gnu eclipse arm embedded gcc/bin/../lib/gcc/arm-none-eabi/9.2.1/../../../../arm-none-eabi/lib/thumb/v7e-m+fp/hard\libc_nano.a
END GROUP
START GROUP
LOAD c:/users/sunik/appdata/roaming/gnu mcu eclipse/gnu eclipse arm embedded gcc/bin/../lib/gcc/arm-none-eabi/9.2.1/thumb/v7e-m+fp/hard\libgcc.a
LOAD c:/users/sunik/appdata/roaming/gnu mcu eclipse/gnu eclipse arm embedded gcc/bin/../lib/gcc/arm-none-eabi/9.2.1/../../../../arm-none-eabi/lib/thumb/v7e-m+fp/hard\libc_nano.a
END GROUP
LOAD c:/users/sunik/appdata/roaming/gnu mcu eclipse/gnu eclipse arm embedded gcc/bin/../lib/gcc/arm-none-eabi/9.2.1/thumb/v7e-m+fp/hard/crtend.o
LOAD c:/users/sunik/appdata/roaming/gnu mcu eclipse/gnu eclipse arm embedded gcc/bin/../lib/gcc/arm-none-eabi/9.2.1/thumb/v7e-m+fp/hard/crtn.o
                0x0000000020018000                _estack = 0x20018000
                0x0000000000000200                _Min_Heap_Size = 0x200
                0x0000000000000400                _Min_Stack_Size = 0x400

.isr_vector     0x0000000008000000      0x188
                0x0000000008000000                . = ALIGN (0x8)
 *(.isr_vector)
 .isr_vector    0x0000000008000000      0x188 build/startup_stm32l476xx.o
                0x0000000008000000                g_pfnVectors
                0x0000000008000188                . = ALIGN (0x8)

.text           0x0000000008000188     0x20f8
                0x0000000008000188                . = ALIGN (0x8)
 *(.text)
 .text          0x0000000008000188       0x30 c:/users/sunik/appdata/roaming/gnu mcu eclipse/gnu eclipse arm embedded gcc/bin/../lib/gcc/arm-none-eabi/9.2.1/thumb/v7e-m+fp/hard\libgcc.a(_aeabi_uldivmod.o)
                0x0000000008000188                __aeabi_uldivmod
 .text          0x00000000080001b8        0x4 c:/users/sunik/appdata/roaming/gnu mcu eclipse/gnu eclipse arm embedded gcc/bin/../lib/gcc/arm-none-eabi/9.2.1/thumb/v7e-m+fp/hard\libgcc.a(_dvmd_tls.o)
                0x00000000080001b8                __aeabi_idiv0
                0x00000000080001b8                __aeabi_ldiv0
 *(.text*)
 .text.__do_global_dtors_aux
                0x00000000080001bc       0x24 c:/users/sunik/appdata/roaming/gnu mcu eclipse/gnu eclipse arm embedded gcc/bin/../lib/gcc/arm-none-eabi/9.2.1/thumb/v7e-m+fp/hard/crtbegin.o
 .text.frame_dummy
                0x00000000080001e0       0x1c c:/users/sunik/appdata/roaming/gnu mcu eclipse/gnu eclipse arm embedded gcc/bin/../lib/gcc/arm-none-eabi/9.2.1/thumb/v7e-m+fp/hard/crtbegin.o
 .text.SystemClock_Config
                0x00000000080001fc       0x78 build/main.o
                0x00000000080001fc                SystemClock_Config
 .text.main     0x0000000008000274       0x24 build/main.o
                0x0000000008000274                main
 .text.Error_Handler
                0x0000000008000298        0x2 build/main.o
                0x0000000008000298                Error_Handler
 *fill*         0x000000000800029a        0x2 
 .text.MX_GPIO_Init
                0x000000000800029c       0xa0 build/gpio.o
                0x000000000800029c                MX_GPIO_Init
 .text.MX_USART2_UART_Init
                0x000000000800033c       0x38 build/usart.o
                0x000000000800033c                MX_USART2_UART_Init
 .text.HAL_UART_MspInit
                0x0000000008000374       0x6c build/usart.o
                0x0000000008000374                HAL_UART_MspInit
 .text.NMI_Handler
                0x00000000080003e0        0x2 build/stm32l4xx_it.o
                0x00000000080003e0                NMI_Handler
 .text.HardFault_Handler
                0x00000000080003e2        0x2 build/stm32l4xx_it.o
                0x00000000080003e2                HardFault_Handler
 .text.MemManage_Handler
                0x00000000080003e4        0x2 build/stm32l4xx_it.o
                0x00000000080003e4                MemManage_Handler
 .text.BusFault_Handler
                0x00000000080003e6        0x2 build/stm32l4xx_it.o
                0x00000000080003e6                BusFault_Handler
 .text.UsageFault_Handler
                0x00000000080003e8        0x2 build/stm32l4xx_it.o
                0x00000000080003e8                UsageFault_Handler
 .text.SVC_Handler
                0x00000000080003ea        0x2 build/stm32l4xx_it.o
                0x00000000080003ea                SVC_Handler
 .text.DebugMon_Handler
                0x00000000080003ec        0x2 build/stm32l4xx_it.o
                0x00000000080003ec                DebugMon_Handler
 .text.PendSV_Handler
                0x00000000080003ee        0x2 build/stm32l4xx_it.o
                0x00000000080003ee                PendSV_Handler
 .text.SysTick_Handler
                0x00000000080003f0        0x8 build/stm32l4xx_it.o
                0x00000000080003f0                SysTick_Handler
 .text.HAL_MspInit
                0x00000000080003f8       0x30 build/stm32l4xx_hal_msp.o
                0x00000000080003f8                HAL_MspInit
 .text.UART_SetConfig
                0x0000000008000428      0x40c build/stm32l4xx_hal_uart.o
                0x0000000008000428                UART_SetConfig
 .text.UART_AdvFeatureConfig
                0x0000000008000834       0xca build/stm32l4xx_hal_uart.o
                0x0000000008000834                UART_AdvFeatureConfig
 .text.UART_WaitOnFlagUntilTimeout
                0x00000000080008fe       0xa2 build/stm32l4xx_hal_uart.o
                0x00000000080008fe                UART_WaitOnFlagUntilTimeout
 .text.UART_CheckIdleState
                0x00000000080009a0       0x6c build/stm32l4xx_hal_uart.o
                0x00000000080009a0                UART_CheckIdleState
 .text.HAL_UART_Init
                0x0000000008000a0c       0x62 build/stm32l4xx_hal_uart.o
                0x0000000008000a0c                HAL_UART_Init
 *fill*         0x0000000008000a6e        0x2 
 .text.HAL_InitTick
                0x0000000008000a70       0x50 build/stm32l4xx_hal.o
                0x0000000008000a70                HAL_InitTick
 .text.HAL_Init
                0x0000000008000ac0       0x2c build/stm32l4xx_hal.o
                0x0000000008000ac0                HAL_Init
 .text.HAL_IncTick
                0x0000000008000aec       0x18 build/stm32l4xx_hal.o
                0x0000000008000aec                HAL_IncTick
 .text.HAL_GetTick
                0x0000000008000b04        0xc build/stm32l4xx_hal.o
                0x0000000008000b04                HAL_GetTick
 .text.HAL_Delay
                0x0000000008000b10       0x28 build/stm32l4xx_hal.o
                0x0000000008000b10                HAL_Delay
 .text.RCC_SetFlashLatencyFromMSIRange
                0x0000000008000b38       0x90 build/stm32l4xx_hal_rcc.o
 .text.HAL_RCC_GetSysClockFreq
                0x0000000008000bc8       0xb4 build/stm32l4xx_hal_rcc.o
                0x0000000008000bc8                HAL_RCC_GetSysClockFreq
 .text.HAL_RCC_OscConfig
                0x0000000008000c7c      0x630 build/stm32l4xx_hal_rcc.o
                0x0000000008000c7c                HAL_RCC_OscConfig
 .text.HAL_RCC_ClockConfig
                0x00000000080012ac      0x15c build/stm32l4xx_hal_rcc.o
                0x00000000080012ac                HAL_RCC_ClockConfig
 .text.HAL_RCC_GetHCLKFreq
                0x0000000008001408        0xc build/stm32l4xx_hal_rcc.o
                0x0000000008001408                HAL_RCC_GetHCLKFreq
 .text.HAL_RCC_GetPCLK1Freq
                0x0000000008001414       0x24 build/stm32l4xx_hal_rcc.o
                0x0000000008001414                HAL_RCC_GetPCLK1Freq
 .text.HAL_RCC_GetPCLK2Freq
                0x0000000008001438       0x24 build/stm32l4xx_hal_rcc.o
                0x0000000008001438                HAL_RCC_GetPCLK2Freq
 .text.RCCEx_PLLSAI1_Config
                0x000000000800145c      0x170 build/stm32l4xx_hal_rcc_ex.o
 .text.RCCEx_PLLSAI2_Config
                0x00000000080015cc      0x14c build/stm32l4xx_hal_rcc_ex.o
 .text.HAL_RCCEx_PeriphCLKConfig
                0x0000000008001718      0x45c build/stm32l4xx_hal_rcc_ex.o
                0x0000000008001718                HAL_RCCEx_PeriphCLKConfig
 .text.HAL_GPIO_Init
                0x0000000008001b74      0x1cc build/stm32l4xx_hal_gpio.o
                0x0000000008001b74                HAL_GPIO_Init
 .text.HAL_GPIO_WritePin
                0x0000000008001d40        0xa build/stm32l4xx_hal_gpio.o
                0x0000000008001d40                HAL_GPIO_WritePin
 .text.HAL_GPIO_TogglePin
                0x0000000008001d4a        0xe build/stm32l4xx_hal_gpio.o
                0x0000000008001d4a                HAL_GPIO_TogglePin
 .text.HAL_PWREx_GetVoltageRange
                0x0000000008001d58       0x10 build/stm32l4xx_hal_pwr_ex.o
                0x0000000008001d58                HAL_PWREx_GetVoltageRange
 .text.HAL_PWREx_ControlVoltageScaling
                0x0000000008001d68       0x90 build/stm32l4xx_hal_pwr_ex.o
                0x0000000008001d68                HAL_PWREx_ControlVoltageScaling
 .text.HAL_NVIC_SetPriorityGrouping
                0x0000000008001df8       0x24 build/stm32l4xx_hal_cortex.o
                0x0000000008001df8                HAL_NVIC_SetPriorityGrouping
 .text.HAL_NVIC_SetPriority
                0x0000000008001e1c       0x68 build/stm32l4xx_hal_cortex.o
                0x0000000008001e1c                HAL_NVIC_SetPriority
 .text.HAL_SYSTICK_Config
                0x0000000008001e84       0x2c build/stm32l4xx_hal_cortex.o
                0x0000000008001e84                HAL_SYSTICK_Config
 .text.SystemInit
                0x0000000008001eb0       0x48 build/system_stm32l4xx.o
                0x0000000008001eb0                SystemInit
 .text.Reset_Handler
                0x0000000008001ef8       0x50 build/startup_stm32l476xx.o
                0x0000000008001ef8                Reset_Handler
 .text.Default_Handler
                0x0000000008001f48        0x2 build/startup_stm32l476xx.o
                0x0000000008001f48                RTC_Alarm_IRQHandler
                0x0000000008001f48                EXTI2_IRQHandler
                0x0000000008001f48                TIM8_TRG_COM_IRQHandler
                0x0000000008001f48                TIM8_CC_IRQHandler
                0x0000000008001f48                TIM1_CC_IRQHandler
                0x0000000008001f48                TSC_IRQHandler
                0x0000000008001f48                TAMP_STAMP_IRQHandler
                0x0000000008001f48                EXTI3_IRQHandler
                0x0000000008001f48                LPTIM2_IRQHandler
                0x0000000008001f48                DFSDM1_FLT1_IRQHandler
                0x0000000008001f48                I2C3_ER_IRQHandler
                0x0000000008001f48                DFSDM1_FLT2_IRQHandler
                0x0000000008001f48                EXTI0_IRQHandler
                0x0000000008001f48                I2C2_EV_IRQHandler
                0x0000000008001f48                CAN1_RX0_IRQHandler
                0x0000000008001f48                FPU_IRQHandler
                0x0000000008001f48                TIM1_UP_TIM16_IRQHandler
                0x0000000008001f48                ADC1_2_IRQHandler
                0x0000000008001f48                SPI1_IRQHandler
                0x0000000008001f48                TIM6_DAC_IRQHandler
                0x0000000008001f48                TIM8_UP_IRQHandler
                0x0000000008001f48                DMA2_Channel2_IRQHandler
                0x0000000008001f48                DMA1_Channel4_IRQHandler
                0x0000000008001f48                SAI2_IRQHandler
                0x0000000008001f48                DFSDM1_FLT3_IRQHandler
                0x0000000008001f48                USART3_IRQHandler
                0x0000000008001f48                DMA1_Channel7_IRQHandler
                0x0000000008001f48                CAN1_RX1_IRQHandler
                0x0000000008001f48                LCD_IRQHandler
                0x0000000008001f48                UART5_IRQHandler
                0x0000000008001f48                ADC3_IRQHandler
                0x0000000008001f48                TIM4_IRQHandler
                0x0000000008001f48                DMA2_Channel1_IRQHandler
                0x0000000008001f48                QUADSPI_IRQHandler
                0x0000000008001f48                I2C1_EV_IRQHandler
                0x0000000008001f48                DMA1_Channel6_IRQHandler
                0x0000000008001f48                UART4_IRQHandler
                0x0000000008001f48                DMA2_Channel4_IRQHandler
                0x0000000008001f48                TIM3_IRQHandler
                0x0000000008001f48                RCC_IRQHandler
                0x0000000008001f48                DMA1_Channel1_IRQHandler
                0x0000000008001f48                Default_Handler
                0x0000000008001f48                DMA2_Channel7_IRQHandler
                0x0000000008001f48                EXTI15_10_IRQHandler
                0x0000000008001f48                TIM7_IRQHandler
                0x0000000008001f48                SDMMC1_IRQHandler
                0x0000000008001f48                TIM5_IRQHandler
                0x0000000008001f48                I2C3_EV_IRQHandler
                0x0000000008001f48                EXTI9_5_IRQHandler
                0x0000000008001f48                RTC_WKUP_IRQHandler
                0x0000000008001f48                PVD_PVM_IRQHandler
                0x0000000008001f48                SPI2_IRQHandler
                0x0000000008001f48                CAN1_TX_IRQHandler
                0x0000000008001f48                DMA2_Channel5_IRQHandler
                0x0000000008001f48                DMA1_Channel5_IRQHandler
                0x0000000008001f48                EXTI4_IRQHandler
                0x0000000008001f48                RNG_IRQHandler
                0x0000000008001f48                TIM1_TRG_COM_TIM17_IRQHandler
                0x0000000008001f48                DMA1_Channel3_IRQHandler
                0x0000000008001f48                COMP_IRQHandler
                0x0000000008001f48                WWDG_IRQHandler
                0x0000000008001f48                LPUART1_IRQHandler
                0x0000000008001f48                DMA2_Channel6_IRQHandler
                0x0000000008001f48                TIM2_IRQHandler
                0x0000000008001f48                EXTI1_IRQHandler
                0x0000000008001f48                USART2_IRQHandler
                0x0000000008001f48                DFSDM1_FLT0_IRQHandler
                0x0000000008001f48                I2C2_ER_IRQHandler
                0x0000000008001f48                DMA1_Channel2_IRQHandler
                0x0000000008001f48                TIM8_BRK_IRQHandler
                0x0000000008001f48                CAN1_SCE_IRQHandler
                0x0000000008001f48                FLASH_IRQHandler
                0x0000000008001f48                USART1_IRQHandler
                0x0000000008001f48                OTG_FS_IRQHandler
                0x0000000008001f48                SPI3_IRQHandler
                0x0000000008001f48                I2C1_ER_IRQHandler
                0x0000000008001f48                FMC_IRQHandler
                0x0000000008001f48                SWPMI1_IRQHandler
                0x0000000008001f48                LPTIM1_IRQHandler
                0x0000000008001f48                SAI1_IRQHandler
                0x0000000008001f48                DMA2_Channel3_IRQHandler
                0x0000000008001f48                TIM1_BRK_TIM15_IRQHandler
 *fill*         0x0000000008001f4a        0x2 
 .text.__libc_init_array
                0x0000000008001f4c       0x48 c:/users/sunik/appdata/roaming/gnu mcu eclipse/gnu eclipse arm embedded gcc/bin/../lib/gcc/arm-none-eabi/9.2.1/../../../../arm-none-eabi/lib/thumb/v7e-m+fp/hard\libc_nano.a(lib_a-init.o)
                0x0000000008001f4c                __libc_init_array
 .text.memset   0x0000000008001f94       0x10 c:/users/sunik/appdata/roaming/gnu mcu eclipse/gnu eclipse arm embedded gcc/bin/../lib/gcc/arm-none-eabi/9.2.1/../../../../arm-none-eabi/lib/thumb/v7e-m+fp/hard\libc_nano.a(lib_a-memset.o)
                0x0000000008001f94                memset
 .text.__udivmoddi4
                0x0000000008001fa4      0x2c4 c:/users/sunik/appdata/roaming/gnu mcu eclipse/gnu eclipse arm embedded gcc/bin/../lib/gcc/arm-none-eabi/9.2.1/thumb/v7e-m+fp/hard\libgcc.a(_udivmoddi4.o)
                0x0000000008001fa4                __udivmoddi4
 *(.glue_7)
 .glue_7        0x0000000008002268        0x0 linker stubs
 *(.glue_7t)
 .glue_7t       0x0000000008002268        0x0 linker stubs
 *(.eh_frame)
 .eh_frame      0x0000000008002268        0x0 c:/users/sunik/appdata/roaming/gnu mcu eclipse/gnu eclipse arm embedded gcc/bin/../lib/gcc/arm-none-eabi/9.2.1/thumb/v7e-m+fp/hard/crtbegin.o
 *(.init)
 .init          0x0000000008002268        0x4 c:/users/sunik/appdata/roaming/gnu mcu eclipse/gnu eclipse arm embedded gcc/bin/../lib/gcc/arm-none-eabi/9.2.1/thumb/v7e-m+fp/hard/crti.o
                0x0000000008002268                _init
 .init          0x000000000800226c        0x8 c:/users/sunik/appdata/roaming/gnu mcu eclipse/gnu eclipse arm embedded gcc/bin/../lib/gcc/arm-none-eabi/9.2.1/thumb/v7e-m+fp/hard/crtn.o
 *(.fini)
 .fini          0x0000000008002274        0x4 c:/users/sunik/appdata/roaming/gnu mcu eclipse/gnu eclipse arm embedded gcc/bin/../lib/gcc/arm-none-eabi/9.2.1/thumb/v7e-m+fp/hard/crti.o
                0x0000000008002274                _fini
 .fini          0x0000000008002278        0x8 c:/users/sunik/appdata/roaming/gnu mcu eclipse/gnu eclipse arm embedded gcc/bin/../lib/gcc/arm-none-eabi/9.2.1/thumb/v7e-m+fp/hard/crtn.o
                0x0000000008002280                . = ALIGN (0x8)
                0x0000000008002280                _etext = .

.vfp11_veneer   0x0000000008002280        0x0
 .vfp11_veneer  0x0000000008002280        0x0 linker stubs

.v4_bx          0x0000000008002280        0x0
 .v4_bx         0x0000000008002280        0x0 linker stubs

.iplt           0x0000000008002280        0x0
 .iplt          0x0000000008002280        0x0 c:/users/sunik/appdata/roaming/gnu mcu eclipse/gnu eclipse arm embedded gcc/bin/../lib/gcc/arm-none-eabi/9.2.1/thumb/v7e-m+fp/hard/crtbegin.o

.rodata         0x0000000008002280       0x48
                0x0000000008002280                . = ALIGN (0x8)
 *(.rodata)
 *(.rodata*)
 .rodata.AHBPrescTable
                0x0000000008002280       0x10 build/system_stm32l4xx.o
                0x0000000008002280                AHBPrescTable
 .rodata.APBPrescTable
                0x0000000008002290        0x8 build/system_stm32l4xx.o
                0x0000000008002290                APBPrescTable
 .rodata.MSIRangeTable
                0x0000000008002298       0x30 build/system_stm32l4xx.o
                0x0000000008002298                MSIRangeTable
                0x00000000080022c8                . = ALIGN (0x8)

.ARM.extab      0x00000000080022c8        0x0
                0x00000000080022c8                . = ALIGN (0x8)
 *(.ARM.extab* .gnu.linkonce.armextab.*)
                0x00000000080022c8                . = ALIGN (0x8)

.ARM            0x00000000080022c8        0x8
                0x00000000080022c8                . = ALIGN (0x8)
                0x00000000080022c8                __exidx_start = .
 *(.ARM.exidx*)
 .ARM.exidx.text.__udivmoddi4
                0x00000000080022c8        0x8 c:/users/sunik/appdata/roaming/gnu mcu eclipse/gnu eclipse arm embedded gcc/bin/../lib/gcc/arm-none-eabi/9.2.1/thumb/v7e-m+fp/hard\libgcc.a(_udivmoddi4.o)
                0x00000000080022d0                __exidx_end = .
                0x00000000080022d0                . = ALIGN (0x8)

.rel.dyn        0x00000000080022d0        0x0
 .rel.iplt      0x00000000080022d0        0x0 c:/users/sunik/appdata/roaming/gnu mcu eclipse/gnu eclipse arm embedded gcc/bin/../lib/gcc/arm-none-eabi/9.2.1/thumb/v7e-m+fp/hard/crtbegin.o

.preinit_array  0x00000000080022d0        0x0
                0x00000000080022d0                . = ALIGN (0x8)
                0x00000000080022d0                PROVIDE (__preinit_array_start = .)
 *(.preinit_array*)
                0x00000000080022d0                PROVIDE (__preinit_array_end = .)
                0x00000000080022d0                . = ALIGN (0x8)

.init_array     0x00000000080022d0        0x8
                0x00000000080022d0                . = ALIGN (0x8)
                0x00000000080022d0                PROVIDE (__init_array_start = .)
 *(SORT_BY_NAME(.init_array.*))
 *(.init_array*)
 .init_array    0x00000000080022d0        0x4 c:/users/sunik/appdata/roaming/gnu mcu eclipse/gnu eclipse arm embedded gcc/bin/../lib/gcc/arm-none-eabi/9.2.1/thumb/v7e-m+fp/hard/crtbegin.o
                0x00000000080022d4                PROVIDE (__init_array_end = .)
                0x00000000080022d8                . = ALIGN (0x8)
 *fill*         0x00000000080022d4        0x4 

.fini_array     0x00000000080022d8        0x8
                0x00000000080022d8                . = ALIGN (0x8)
                [!provide]                        PROVIDE (__fini_array_start = .)
 *(SORT_BY_NAME(.fini_array.*))
 *(.fini_array*)
 .fini_array    0x00000000080022d8        0x4 c:/users/sunik/appdata/roaming/gnu mcu eclipse/gnu eclipse arm embedded gcc/bin/../lib/gcc/arm-none-eabi/9.2.1/thumb/v7e-m+fp/hard/crtbegin.o
                [!provide]                        PROVIDE (__fini_array_end = .)
                0x00000000080022e0                . = ALIGN (0x8)
 *fill*         0x00000000080022dc        0x4 
                0x00000000080022e0                _sidata = LOADADDR (.data)

.data           0x0000000020000000       0x10 load address 0x00000000080022e0
                0x0000000020000000                . = ALIGN (0x8)
                0x0000000020000000                _sdata = .
 *(.data)
 *(.data*)
 .data.uwTickFreq
                0x0000000020000000        0x4 build/stm32l4xx_hal.o
                0x0000000020000000                uwTickFreq
 .data.uwTickPrio
                0x0000000020000004        0x4 build/stm32l4xx_hal.o
                0x0000000020000004                uwTickPrio
 .data.SystemCoreClock
                0x0000000020000008        0x4 build/system_stm32l4xx.o
                0x0000000020000008                SystemCoreClock
                0x0000000020000010                . = ALIGN (0x8)
 *fill*         0x000000002000000c        0x4 
                0x0000000020000010                _edata = .

.igot.plt       0x0000000020000010        0x0 load address 0x00000000080022f0
 .igot.plt      0x0000000020000010        0x0 c:/users/sunik/appdata/roaming/gnu mcu eclipse/gnu eclipse arm embedded gcc/bin/../lib/gcc/arm-none-eabi/9.2.1/thumb/v7e-m+fp/hard/crtbegin.o
                0x0000000020000010                . = ALIGN (0x4)

.bss            0x0000000020000010       0xa0 load address 0x00000000080022f0
                0x0000000020000010                _sbss = .
                0x0000000020000010                __bss_start__ = _sbss
 *(.bss)
 *(.bss*)
 .bss.completed.10274
                0x0000000020000010        0x1 c:/users/sunik/appdata/roaming/gnu mcu eclipse/gnu eclipse arm embedded gcc/bin/../lib/gcc/arm-none-eabi/9.2.1/thumb/v7e-m+fp/hard/crtbegin.o
 *fill*         0x0000000020000011        0x3 
 .bss.object.10279
                0x0000000020000014       0x18 c:/users/sunik/appdata/roaming/gnu mcu eclipse/gnu eclipse arm embedded gcc/bin/../lib/gcc/arm-none-eabi/9.2.1/thumb/v7e-m+fp/hard/crtbegin.o
 *(COMMON)
 COMMON         0x000000002000002c       0x80 build/usart.o
                0x000000002000002c                huart2
 COMMON         0x00000000200000ac        0x4 build/stm32l4xx_hal.o
                0x00000000200000ac                uwTick
                0x00000000200000b0                . = ALIGN (0x4)
                0x00000000200000b0                _ebss = .
                0x00000000200000b0                __bss_end__ = _ebss

._user_heap_stack
                0x00000000200000b0      0x600 load address 0x00000000080022f0
                0x00000000200000b0                . = ALIGN (0x8)
                [!provide]                        PROVIDE (end = .)
                [!provide]                        PROVIDE (_end = .)
                0x00000000200002b0                . = (. + _Min_Heap_Size)
 *fill*         0x00000000200000b0      0x200 
                0x00000000200006b0                . = (. + _Min_Stack_Size)
 *fill*         0x00000000200002b0      0x400 
                0x00000000200006b0                . = ALIGN (0x8)

/DISCARD/
 libc.a(*)
 libm.a(*)
 libgcc.a(*)

.ARM.attributes
                0x0000000000000000       0x30
 *(.ARM.attributes)
 .ARM.attributes
                0x0000000000000000       0x1e c:/users/sunik/appdata/roaming/gnu mcu eclipse/gnu eclipse arm embedded gcc/bin/../lib/gcc/arm-none-eabi/9.2.1/thumb/v7e-m+fp/hard/crti.o
 .ARM.attributes
                0x000000000000001e       0x34 c:/users/sunik/appdata/roaming/gnu mcu eclipse/gnu eclipse arm embedded gcc/bin/../lib/gcc/arm-none-eabi/9.2.1/thumb/v7e-m+fp/hard/crtbegin.o
 .ARM.attributes
                0x0000000000000052       0x34 build/main.o
 .ARM.attributes
                0x0000000000000086       0x34 build/gpio.o
 .ARM.attributes
                0x00000000000000ba       0x34 build/usart.o
 .ARM.attributes
                0x00000000000000ee       0x34 build/stm32l4xx_it.o
 .ARM.attributes
                0x0000000000000122       0x34 build/stm32l4xx_hal_msp.o
 .ARM.attributes
                0x0000000000000156       0x34 build/stm32l4xx_hal_uart.o
 .ARM.attributes
                0x000000000000018a       0x34 build/stm32l4xx_hal.o
 .ARM.attributes
                0x00000000000001be       0x34 build/stm32l4xx_hal_rcc.o
 .ARM.attributes
                0x00000000000001f2       0x34 build/stm32l4xx_hal_rcc_ex.o
 .ARM.attributes
                0x0000000000000226       0x34 build/stm32l4xx_hal_gpio.o
 .ARM.attributes
                0x000000000000025a       0x34 build/stm32l4xx_hal_pwr_ex.o
 .ARM.attributes
                0x000000000000028e       0x34 build/stm32l4xx_hal_cortex.o
 .ARM.attributes
                0x00000000000002c2       0x34 build/system_stm32l4xx.o
 .ARM.attributes
                0x00000000000002f6       0x21 build/startup_stm32l476xx.o
 .ARM.attributes
                0x0000000000000317       0x34 c:/users/sunik/appdata/roaming/gnu mcu eclipse/gnu eclipse arm embedded gcc/bin/../lib/gcc/arm-none-eabi/9.2.1/../../../../arm-none-eabi/lib/thumb/v7e-m+fp/hard\libc_nano.a(lib_a-init.o)
 .ARM.attributes
                0x000000000000034b       0x34 c:/users/sunik/appdata/roaming/gnu mcu eclipse/gnu eclipse arm embedded gcc/bin/../lib/gcc/arm-none-eabi/9.2.1/../../../../arm-none-eabi/lib/thumb/v7e-m+fp/hard\libc_nano.a(lib_a-memset.o)
 .ARM.attributes
                0x000000000000037f       0x1e c:/users/sunik/appdata/roaming/gnu mcu eclipse/gnu eclipse arm embedded gcc/bin/../lib/gcc/arm-none-eabi/9.2.1/thumb/v7e-m+fp/hard\libgcc.a(_aeabi_uldivmod.o)
 .ARM.attributes
                0x000000000000039d       0x34 c:/users/sunik/appdata/roaming/gnu mcu eclipse/gnu eclipse arm embedded gcc/bin/../lib/gcc/arm-none-eabi/9.2.1/thumb/v7e-m+fp/hard\libgcc.a(_udivmoddi4.o)
 .ARM.attributes
                0x00000000000003d1       0x1e c:/users/sunik/appdata/roaming/gnu mcu eclipse/gnu eclipse arm embedded gcc/bin/../lib/gcc/arm-none-eabi/9.2.1/thumb/v7e-m+fp/hard\libgcc.a(_dvmd_tls.o)
 .ARM.attributes
                0x00000000000003ef       0x1e c:/users/sunik/appdata/roaming/gnu mcu eclipse/gnu eclipse arm embedded gcc/bin/../lib/gcc/arm-none-eabi/9.2.1/thumb/v7e-m+fp/hard/crtn.o
OUTPUT(build/vscode_stm32l476_nucleo.elf elf32-littlearm)

.debug_info     0x0000000000000000     0xbe83
 .debug_info    0x0000000000000000      0xfd3 build/main.o
 .debug_info    0x0000000000000fd3      0x7c0 build/gpio.o
 .debug_info    0x0000000000001793      0xe1e build/usart.o
 .debug_info    0x00000000000025b1      0x3a4 build/stm32l4xx_it.o
 .debug_info    0x0000000000002955      0x58b build/stm32l4xx_hal_msp.o
 .debug_info    0x0000000000002ee0     0x238b build/stm32l4xx_hal_uart.o
 .debug_info    0x000000000000526b      0xfcf build/stm32l4xx_hal.o
 .debug_info    0x000000000000623a     0x11db build/stm32l4xx_hal_rcc.o
 .debug_info    0x0000000000007415     0x15df build/stm32l4xx_hal_rcc_ex.o
 .debug_info    0x00000000000089f4      0xb2d build/stm32l4xx_hal_gpio.o
 .debug_info    0x0000000000009521      0xda4 build/stm32l4xx_hal_pwr_ex.o
 .debug_info    0x000000000000a2c5     0x1376 build/stm32l4xx_hal_cortex.o
 .debug_info    0x000000000000b63b      0x826 build/system_stm32l4xx.o
 .debug_info    0x000000000000be61       0x22 build/startup_stm32l476xx.o

.debug_abbrev   0x0000000000000000     0x1bf3
 .debug_abbrev  0x0000000000000000      0x20d build/main.o
 .debug_abbrev  0x000000000000020d      0x17e build/gpio.o
 .debug_abbrev  0x000000000000038b      0x1f1 build/usart.o
 .debug_abbrev  0x000000000000057c      0x112 build/stm32l4xx_it.o
 .debug_abbrev  0x000000000000068e      0x13c build/stm32l4xx_hal_msp.o
 .debug_abbrev  0x00000000000007ca      0x2ac build/stm32l4xx_hal_uart.o
 .debug_abbrev  0x0000000000000a76      0x269 build/stm32l4xx_hal.o
 .debug_abbrev  0x0000000000000cdf      0x28e build/stm32l4xx_hal_rcc.o
 .debug_abbrev  0x0000000000000f6d      0x2c3 build/stm32l4xx_hal_rcc_ex.o
 .debug_abbrev  0x0000000000001230      0x24f build/stm32l4xx_hal_gpio.o
 .debug_abbrev  0x000000000000147f      0x247 build/stm32l4xx_hal_pwr_ex.o
 .debug_abbrev  0x00000000000016c6      0x3a8 build/stm32l4xx_hal_cortex.o
 .debug_abbrev  0x0000000000001a6e      0x173 build/system_stm32l4xx.o
 .debug_abbrev  0x0000000000001be1       0x12 build/startup_stm32l476xx.o

.debug_loc      0x0000000000000000     0x67fc
 .debug_loc     0x0000000000000000       0x59 build/main.o
 .debug_loc     0x0000000000000059       0x38 build/gpio.o
 .debug_loc     0x0000000000000091      0x108 build/usart.o
 .debug_loc     0x0000000000000199       0x20 build/stm32l4xx_it.o
 .debug_loc     0x00000000000001b9       0x2c build/stm32l4xx_hal_msp.o
 .debug_loc     0x00000000000001e5     0x23af build/stm32l4xx_hal_uart.o
 .debug_loc     0x0000000000002594      0x296 build/stm32l4xx_hal.o
 .debug_loc     0x000000000000282a      0x99d build/stm32l4xx_hal_rcc.o
 .debug_loc     0x00000000000031c7     0x1d29 build/stm32l4xx_hal_rcc_ex.o
 .debug_loc     0x0000000000004ef0      0x3d6 build/stm32l4xx_hal_gpio.o
 .debug_loc     0x00000000000052c6      0xb66 build/stm32l4xx_hal_pwr_ex.o
 .debug_loc     0x0000000000005e2c      0x7d4 build/stm32l4xx_hal_cortex.o
 .debug_loc     0x0000000000006600      0x1fc build/system_stm32l4xx.o

.debug_aranges  0x0000000000000000      0x828
 .debug_aranges
                0x0000000000000000       0x30 build/main.o
 .debug_aranges
                0x0000000000000030       0x20 build/gpio.o
 .debug_aranges
                0x0000000000000050       0x30 build/usart.o
 .debug_aranges
                0x0000000000000080       0x60 build/stm32l4xx_it.o
 .debug_aranges
                0x00000000000000e0       0x20 build/stm32l4xx_hal_msp.o
 .debug_aranges
                0x0000000000000100      0x210 build/stm32l4xx_hal_uart.o
 .debug_aranges
                0x0000000000000310      0x130 build/stm32l4xx_hal.o
 .debug_aranges
                0x0000000000000440       0x88 build/stm32l4xx_hal_rcc.o
 .debug_aranges
                0x00000000000004c8       0xc0 build/stm32l4xx_hal_rcc_ex.o
 .debug_aranges
                0x0000000000000588       0x58 build/stm32l4xx_hal_gpio.o
 .debug_aranges
                0x00000000000005e0      0x150 build/stm32l4xx_hal_pwr_ex.o
 .debug_aranges
                0x0000000000000730       0xa8 build/stm32l4xx_hal_cortex.o
 .debug_aranges
                0x00000000000007d8       0x28 build/system_stm32l4xx.o
 .debug_aranges
                0x0000000000000800       0x28 build/startup_stm32l476xx.o

.debug_ranges   0x0000000000000000      0x7e8
 .debug_ranges  0x0000000000000000       0x20 build/main.o
 .debug_ranges  0x0000000000000020       0x10 build/gpio.o
 .debug_ranges  0x0000000000000030       0x20 build/usart.o
 .debug_ranges  0x0000000000000050       0x50 build/stm32l4xx_it.o
 .debug_ranges  0x00000000000000a0       0x10 build/stm32l4xx_hal_msp.o
 .debug_ranges  0x00000000000000b0      0x200 build/stm32l4xx_hal_uart.o
 .debug_ranges  0x00000000000002b0      0x120 build/stm32l4xx_hal.o
 .debug_ranges  0x00000000000003d0       0x90 build/stm32l4xx_hal_rcc.o
 .debug_ranges  0x0000000000000460       0xd0 build/stm32l4xx_hal_rcc_ex.o
 .debug_ranges  0x0000000000000530       0x48 build/stm32l4xx_hal_gpio.o
 .debug_ranges  0x0000000000000578      0x140 build/stm32l4xx_hal_pwr_ex.o
 .debug_ranges  0x00000000000006b8       0xf8 build/stm32l4xx_hal_cortex.o
 .debug_ranges  0x00000000000007b0       0x18 build/system_stm32l4xx.o
 .debug_ranges  0x00000000000007c8       0x20 build/startup_stm32l476xx.o

.debug_line     0x0000000000000000     0x7b8b
 .debug_line    0x0000000000000000      0x3c5 build/main.o
 .debug_line    0x00000000000003c5      0x27f build/gpio.o
 .debug_line    0x0000000000000644      0x366 build/usart.o
 .debug_line    0x00000000000009aa      0x2e5 build/stm32l4xx_it.o
 .debug_line    0x0000000000000c8f      0x226 build/stm32l4xx_hal_msp.o
 .debug_line    0x0000000000000eb5     0x2332 build/stm32l4xx_hal_uart.o
 .debug_line    0x00000000000031e7      0x6d3 build/stm32l4xx_hal.o
 .debug_line    0x00000000000038ba      0xf16 build/stm32l4xx_hal_rcc.o
 .debug_line    0x00000000000047d0     0x1594 build/stm32l4xx_hal_rcc_ex.o
 .debug_line    0x0000000000005d64      0x752 build/stm32l4xx_hal_gpio.o
 .debug_line    0x00000000000064b6      0xb06 build/stm32l4xx_hal_pwr_ex.o
 .debug_line    0x0000000000006fbc      0x7f3 build/stm32l4xx_hal_cortex.o
 .debug_line    0x00000000000077af      0x369 build/system_stm32l4xx.o
 .debug_line    0x0000000000007b18       0x73 build/startup_stm32l476xx.o

.debug_str      0x0000000000000000     0x2fb8
 .debug_str     0x0000000000000000      0xc01 build/main.o
                                        0xcbe (size before relaxing)
 .debug_str     0x0000000000000c01      0x1a0 build/gpio.o
                                        0x5f7 (size before relaxing)
 .debug_str     0x0000000000000da1       0x59 build/usart.o
                                        0x9d8 (size before relaxing)
 .debug_str     0x0000000000000dfa       0xaf build/stm32l4xx_it.o
                                        0x47c (size before relaxing)
 .debug_str     0x0000000000000ea9       0x24 build/stm32l4xx_hal_msp.o
                                        0x541 (size before relaxing)
 .debug_str     0x0000000000000ecd      0x7fa build/stm32l4xx_hal_uart.o
                                       0x112a (size before relaxing)
 .debug_str     0x00000000000016c7      0x936 build/stm32l4xx_hal.o
                                        0xefa (size before relaxing)
 .debug_str     0x0000000000001ffd      0x21c build/stm32l4xx_hal_rcc.o
                                        0xa66 (size before relaxing)
 .debug_str     0x0000000000002219      0x33b build/stm32l4xx_hal_rcc_ex.o
                                        0xceb (size before relaxing)
 .debug_str     0x0000000000002554       0xc2 build/stm32l4xx_hal_gpio.o
                                        0x77e (size before relaxing)
 .debug_str     0x0000000000002616      0x4fc build/stm32l4xx_hal_pwr_ex.o
                                        0xa30 (size before relaxing)
 .debug_str     0x0000000000002b12      0x44a build/stm32l4xx_hal_cortex.o
                                        0xe39 (size before relaxing)
 .debug_str     0x0000000000002f5c       0x38 build/system_stm32l4xx.o
                                        0x5cc (size before relaxing)
 .debug_str     0x0000000000002f94       0x24 build/startup_stm32l476xx.o
                                         0x69 (size before relaxing)

.comment        0x0000000000000000       0x66
 .comment       0x0000000000000000       0x66 build/main.o
                                         0x67 (size before relaxing)
 .comment       0x0000000000000066       0x67 build/gpio.o
 .comment       0x0000000000000066       0x67 build/usart.o
 .comment       0x0000000000000066       0x67 build/stm32l4xx_it.o
 .comment       0x0000000000000066       0x67 build/stm32l4xx_hal_msp.o
 .comment       0x0000000000000066       0x67 build/stm32l4xx_hal_uart.o
 .comment       0x0000000000000066       0x67 build/stm32l4xx_hal.o
 .comment       0x0000000000000066       0x67 build/stm32l4xx_hal_rcc.o
 .comment       0x0000000000000066       0x67 build/stm32l4xx_hal_rcc_ex.o
 .comment       0x0000000000000066       0x67 build/stm32l4xx_hal_gpio.o
 .comment       0x0000000000000066       0x67 build/stm32l4xx_hal_pwr_ex.o
 .comment       0x0000000000000066       0x67 build/stm32l4xx_hal_cortex.o
 .comment       0x0000000000000066       0x67 build/system_stm32l4xx.o

.debug_frame    0x0000000000000000     0x14a0
 .debug_frame   0x0000000000000000       0x60 build/main.o
 .debug_frame   0x0000000000000060       0x30 build/gpio.o
 .debug_frame   0x0000000000000090       0x68 build/usart.o
 .debug_frame   0x00000000000000f8       0xac build/stm32l4xx_it.o
 .debug_frame   0x00000000000001a4       0x28 build/stm32l4xx_hal_msp.o
 .debug_frame   0x00000000000001cc      0x67c build/stm32l4xx_hal_uart.o
 .debug_frame   0x0000000000000848      0x28c build/stm32l4xx_hal.o
 .debug_frame   0x0000000000000ad4      0x1c0 build/stm32l4xx_hal_rcc.o
 .debug_frame   0x0000000000000c94      0x23c build/stm32l4xx_hal_rcc_ex.o
 .debug_frame   0x0000000000000ed0       0xe4 build/stm32l4xx_hal_gpio.o
 .debug_frame   0x0000000000000fb4      0x2a4 build/stm32l4xx_hal_pwr_ex.o
 .debug_frame   0x0000000000001258      0x16c build/stm32l4xx_hal_cortex.o
 .debug_frame   0x00000000000013c4       0x30 build/system_stm32l4xx.o
 .debug_frame   0x00000000000013f4       0x2c c:/users/sunik/appdata/roaming/gnu mcu eclipse/gnu eclipse arm embedded gcc/bin/../lib/gcc/arm-none-eabi/9.2.1/../../../../arm-none-eabi/lib/thumb/v7e-m+fp/hard\libc_nano.a(lib_a-init.o)
 .debug_frame   0x0000000000001420       0x20 c:/users/sunik/appdata/roaming/gnu mcu eclipse/gnu eclipse arm embedded gcc/bin/../lib/gcc/arm-none-eabi/9.2.1/../../../../arm-none-eabi/lib/thumb/v7e-m+fp/hard\libc_nano.a(lib_a-memset.o)
 .debug_frame   0x0000000000001440       0x2c c:/users/sunik/appdata/roaming/gnu mcu eclipse/gnu eclipse arm embedded gcc/bin/../lib/gcc/arm-none-eabi/9.2.1/thumb/v7e-m+fp/hard\libgcc.a(_aeabi_uldivmod.o)
 .debug_frame   0x000000000000146c       0x34 c:/users/sunik/appdata/roaming/gnu mcu eclipse/gnu eclipse arm embedded gcc/bin/../lib/gcc/arm-none-eabi/9.2.1/thumb/v7e-m+fp/hard\libgcc.a(_udivmoddi4.o)

Cross Reference Table

Symbol                                            File
ADC1_2_IRQHandler                                 build/startup_stm32l476xx.o
ADC3_IRQHandler                                   build/startup_stm32l476xx.o
AHBPrescTable                                     build/system_stm32l4xx.o
                                                  build/stm32l4xx_hal_rcc.o
APBPrescTable                                     build/system_stm32l4xx.o
                                                  build/stm32l4xx_hal_rcc.o
BusFault_Handler                                  build/stm32l4xx_it.o
CAN1_RX0_IRQHandler                               build/startup_stm32l476xx.o
CAN1_RX1_IRQHandler                               build/startup_stm32l476xx.o
CAN1_SCE_IRQHandler                               build/startup_stm32l476xx.o
CAN1_TX_IRQHandler                                build/startup_stm32l476xx.o
COMP_IRQHandler                                   build/startup_stm32l476xx.o
DFSDM1_FLT0_IRQHandler                            build/startup_stm32l476xx.o
DFSDM1_FLT1_IRQHandler                            build/startup_stm32l476xx.o
DFSDM1_FLT2_IRQHandler                            build/startup_stm32l476xx.o
DFSDM1_FLT3_IRQHandler                            build/startup_stm32l476xx.o
DMA1_Channel1_IRQHandler                          build/startup_stm32l476xx.o
DMA1_Channel2_IRQHandler                          build/startup_stm32l476xx.o
DMA1_Channel3_IRQHandler                          build/startup_stm32l476xx.o
DMA1_Channel4_IRQHandler                          build/startup_stm32l476xx.o
DMA1_Channel5_IRQHandler                          build/startup_stm32l476xx.o
DMA1_Channel6_IRQHandler                          build/startup_stm32l476xx.o
DMA1_Channel7_IRQHandler                          build/startup_stm32l476xx.o
DMA2_Channel1_IRQHandler                          build/startup_stm32l476xx.o
DMA2_Channel2_IRQHandler                          build/startup_stm32l476xx.o
DMA2_Channel3_IRQHandler                          build/startup_stm32l476xx.o
DMA2_Channel4_IRQHandler                          build/startup_stm32l476xx.o
DMA2_Channel5_IRQHandler                          build/startup_stm32l476xx.o
DMA2_Channel6_IRQHandler                          build/startup_stm32l476xx.o
DMA2_Channel7_IRQHandler                          build/startup_stm32l476xx.o
DebugMon_Handler                                  build/stm32l4xx_it.o
Default_Handler                                   build/startup_stm32l476xx.o
EXTI0_IRQHandler                                  build/startup_stm32l476xx.o
EXTI15_10_IRQHandler                              build/startup_stm32l476xx.o
EXTI1_IRQHandler                                  build/startup_stm32l476xx.o
EXTI2_IRQHandler                                  build/startup_stm32l476xx.o
EXTI3_IRQHandler                                  build/startup_stm32l476xx.o
EXTI4_IRQHandler                                  build/startup_stm32l476xx.o
EXTI9_5_IRQHandler                                build/startup_stm32l476xx.o
Error_Handler                                     build/main.o
                                                  build/usart.o
FLASH_FlushCaches                                 build/stm32l4xx_hal_flash_ex.o
                                                  build/stm32l4xx_hal_flash.o
FLASH_IRQHandler                                  build/startup_stm32l476xx.o
FLASH_PageErase                                   build/stm32l4xx_hal_flash_ex.o
                                                  build/stm32l4xx_hal_flash.o
FLASH_WaitForLastOperation                        build/stm32l4xx_hal_flash.o
                                                  build/stm32l4xx_hal_flash_ex.o
FMC_IRQHandler                                    build/startup_stm32l476xx.o
FPU_IRQHandler                                    build/startup_stm32l476xx.o
HAL_DBGMCU_DisableDBGSleepMode                    build/stm32l4xx_hal.o
HAL_DBGMCU_DisableDBGStandbyMode                  build/stm32l4xx_hal.o
HAL_DBGMCU_DisableDBGStopMode                     build/stm32l4xx_hal.o
HAL_DBGMCU_EnableDBGSleepMode                     build/stm32l4xx_hal.o
HAL_DBGMCU_EnableDBGStandbyMode                   build/stm32l4xx_hal.o
HAL_DBGMCU_EnableDBGStopMode                      build/stm32l4xx_hal.o
HAL_DMA_Abort                                     build/stm32l4xx_hal_dma.o
                                                  build/stm32l4xx_hal_uart.o
HAL_DMA_Abort_IT                                  build/stm32l4xx_hal_dma.o
                                                  build/stm32l4xx_hal_i2c.o
                                                  build/stm32l4xx_hal_uart.o
HAL_DMA_DeInit                                    build/stm32l4xx_hal_dma.o
HAL_DMA_GetError                                  build/stm32l4xx_hal_dma.o
                                                  build/stm32l4xx_hal_uart.o
HAL_DMA_GetState                                  build/stm32l4xx_hal_dma.o
                                                  build/stm32l4xx_hal_i2c.o
HAL_DMA_IRQHandler                                build/stm32l4xx_hal_dma.o
HAL_DMA_Init                                      build/stm32l4xx_hal_dma.o
HAL_DMA_PollForTransfer                           build/stm32l4xx_hal_dma.o
HAL_DMA_RegisterCallback                          build/stm32l4xx_hal_dma.o
HAL_DMA_Start                                     build/stm32l4xx_hal_dma.o
HAL_DMA_Start_IT                                  build/stm32l4xx_hal_dma.o
                                                  build/stm32l4xx_hal_i2c.o
                                                  build/stm32l4xx_hal_uart.o
HAL_DMA_UnRegisterCallback                        build/stm32l4xx_hal_dma.o
HAL_DeInit                                        build/stm32l4xx_hal.o
HAL_Delay                                         build/stm32l4xx_hal.o
                                                  build/main.o
HAL_EXTI_ClearConfigLine                          build/stm32l4xx_hal_exti.o
HAL_EXTI_ClearPending                             build/stm32l4xx_hal_exti.o
HAL_EXTI_GenerateSWI                              build/stm32l4xx_hal_exti.o
HAL_EXTI_GetConfigLine                            build/stm32l4xx_hal_exti.o
HAL_EXTI_GetHandle                                build/stm32l4xx_hal_exti.o
HAL_EXTI_GetPending                               build/stm32l4xx_hal_exti.o
HAL_EXTI_IRQHandler                               build/stm32l4xx_hal_exti.o
HAL_EXTI_RegisterCallback                         build/stm32l4xx_hal_exti.o
HAL_EXTI_SetConfigLine                            build/stm32l4xx_hal_exti.o
HAL_FLASHEx_DisableRunPowerDown                   build/stm32l4xx_hal_flash_ramfunc.o
HAL_FLASHEx_EnableRunPowerDown                    build/stm32l4xx_hal_flash_ramfunc.o
HAL_FLASHEx_Erase                                 build/stm32l4xx_hal_flash_ex.o
HAL_FLASHEx_Erase_IT                              build/stm32l4xx_hal_flash_ex.o
HAL_FLASHEx_OBGetConfig                           build/stm32l4xx_hal_flash_ex.o
HAL_FLASHEx_OBProgram                             build/stm32l4xx_hal_flash_ex.o
HAL_FLASH_EndOfOperationCallback                  build/stm32l4xx_hal_flash.o
HAL_FLASH_GetError                                build/stm32l4xx_hal_flash.o
HAL_FLASH_IRQHandler                              build/stm32l4xx_hal_flash.o
HAL_FLASH_Lock                                    build/stm32l4xx_hal_flash.o
HAL_FLASH_OB_Launch                               build/stm32l4xx_hal_flash.o
HAL_FLASH_OB_Lock                                 build/stm32l4xx_hal_flash.o
HAL_FLASH_OB_Unlock                               build/stm32l4xx_hal_flash.o
HAL_FLASH_OperationErrorCallback                  build/stm32l4xx_hal_flash.o
HAL_FLASH_Program                                 build/stm32l4xx_hal_flash.o
HAL_FLASH_Program_IT                              build/stm32l4xx_hal_flash.o
HAL_FLASH_Unlock                                  build/stm32l4xx_hal_flash.o
HAL_GPIO_DeInit                                   build/stm32l4xx_hal_gpio.o
                                                  build/usart.o
HAL_GPIO_EXTI_Callback                            build/stm32l4xx_hal_gpio.o
HAL_GPIO_EXTI_IRQHandler                          build/stm32l4xx_hal_gpio.o
HAL_GPIO_Init                                     build/stm32l4xx_hal_gpio.o
                                                  build/stm32l4xx_hal_rcc_ex.o
                                                  build/stm32l4xx_hal_rcc.o
                                                  build/usart.o
                                                  build/gpio.o
HAL_GPIO_LockPin                                  build/stm32l4xx_hal_gpio.o
HAL_GPIO_ReadPin                                  build/stm32l4xx_hal_gpio.o
HAL_GPIO_TogglePin                                build/stm32l4xx_hal_gpio.o
                                                  build/main.o
HAL_GPIO_WritePin                                 build/stm32l4xx_hal_gpio.o
                                                  build/gpio.o
HAL_GetDEVID                                      build/stm32l4xx_hal.o
HAL_GetHalVersion                                 build/stm32l4xx_hal.o
HAL_GetREVID                                      build/stm32l4xx_hal.o
HAL_GetTick                                       build/stm32l4xx_hal.o
                                                  build/stm32l4xx_hal_dma.o
                                                  build/stm32l4xx_hal_flash.o
                                                  build/stm32l4xx_hal_rcc_ex.o
                                                  build/stm32l4xx_hal_rcc.o
                                                  build/stm32l4xx_hal_i2c.o
                                                  build/stm32l4xx_hal_uart_ex.o
                                                  build/stm32l4xx_hal_uart.o
HAL_GetTickFreq                                   build/stm32l4xx_hal.o
HAL_GetTickPrio                                   build/stm32l4xx_hal.o
HAL_GetUIDw0                                      build/stm32l4xx_hal.o
HAL_GetUIDw1                                      build/stm32l4xx_hal.o
HAL_GetUIDw2                                      build/stm32l4xx_hal.o
HAL_HalfDuplex_EnableReceiver                     build/stm32l4xx_hal_uart.o
HAL_HalfDuplex_EnableTransmitter                  build/stm32l4xx_hal_uart.o
HAL_HalfDuplex_Init                               build/stm32l4xx_hal_uart.o
HAL_I2CEx_ConfigAnalogFilter                      build/stm32l4xx_hal_i2c_ex.o
HAL_I2CEx_ConfigDigitalFilter                     build/stm32l4xx_hal_i2c_ex.o
HAL_I2CEx_DisableFastModePlus                     build/stm32l4xx_hal_i2c_ex.o
HAL_I2CEx_DisableWakeUp                           build/stm32l4xx_hal_i2c_ex.o
HAL_I2CEx_EnableFastModePlus                      build/stm32l4xx_hal_i2c_ex.o
HAL_I2CEx_EnableWakeUp                            build/stm32l4xx_hal_i2c_ex.o
HAL_I2C_AbortCpltCallback                         build/stm32l4xx_hal_i2c.o
HAL_I2C_AddrCallback                              build/stm32l4xx_hal_i2c.o
HAL_I2C_DeInit                                    build/stm32l4xx_hal_i2c.o
HAL_I2C_DisableListen_IT                          build/stm32l4xx_hal_i2c.o
HAL_I2C_ER_IRQHandler                             build/stm32l4xx_hal_i2c.o
HAL_I2C_EV_IRQHandler                             build/stm32l4xx_hal_i2c.o
HAL_I2C_EnableListen_IT                           build/stm32l4xx_hal_i2c.o
HAL_I2C_ErrorCallback                             build/stm32l4xx_hal_i2c.o
HAL_I2C_GetError                                  build/stm32l4xx_hal_i2c.o
HAL_I2C_GetMode                                   build/stm32l4xx_hal_i2c.o
HAL_I2C_GetState                                  build/stm32l4xx_hal_i2c.o
HAL_I2C_Init                                      build/stm32l4xx_hal_i2c.o
HAL_I2C_IsDeviceReady                             build/stm32l4xx_hal_i2c.o
HAL_I2C_ListenCpltCallback                        build/stm32l4xx_hal_i2c.o
HAL_I2C_MasterRxCpltCallback                      build/stm32l4xx_hal_i2c.o
HAL_I2C_MasterTxCpltCallback                      build/stm32l4xx_hal_i2c.o
HAL_I2C_Master_Abort_IT                           build/stm32l4xx_hal_i2c.o
HAL_I2C_Master_Receive                            build/stm32l4xx_hal_i2c.o
HAL_I2C_Master_Receive_DMA                        build/stm32l4xx_hal_i2c.o
HAL_I2C_Master_Receive_IT                         build/stm32l4xx_hal_i2c.o
HAL_I2C_Master_Seq_Receive_DMA                    build/stm32l4xx_hal_i2c.o
HAL_I2C_Master_Seq_Receive_IT                     build/stm32l4xx_hal_i2c.o
HAL_I2C_Master_Seq_Transmit_DMA                   build/stm32l4xx_hal_i2c.o
HAL_I2C_Master_Seq_Transmit_IT                    build/stm32l4xx_hal_i2c.o
HAL_I2C_Master_Transmit                           build/stm32l4xx_hal_i2c.o
HAL_I2C_Master_Transmit_DMA                       build/stm32l4xx_hal_i2c.o
HAL_I2C_Master_Transmit_IT                        build/stm32l4xx_hal_i2c.o
HAL_I2C_MemRxCpltCallback                         build/stm32l4xx_hal_i2c.o
HAL_I2C_MemTxCpltCallback                         build/stm32l4xx_hal_i2c.o
HAL_I2C_Mem_Read                                  build/stm32l4xx_hal_i2c.o
HAL_I2C_Mem_Read_DMA                              build/stm32l4xx_hal_i2c.o
HAL_I2C_Mem_Read_IT                               build/stm32l4xx_hal_i2c.o
HAL_I2C_Mem_Write                                 build/stm32l4xx_hal_i2c.o
HAL_I2C_Mem_Write_DMA                             build/stm32l4xx_hal_i2c.o
HAL_I2C_Mem_Write_IT                              build/stm32l4xx_hal_i2c.o
HAL_I2C_MspDeInit                                 build/stm32l4xx_hal_i2c.o
HAL_I2C_MspInit                                   build/stm32l4xx_hal_i2c.o
HAL_I2C_SlaveRxCpltCallback                       build/stm32l4xx_hal_i2c.o
HAL_I2C_SlaveTxCpltCallback                       build/stm32l4xx_hal_i2c.o
HAL_I2C_Slave_Receive                             build/stm32l4xx_hal_i2c.o
HAL_I2C_Slave_Receive_DMA                         build/stm32l4xx_hal_i2c.o
HAL_I2C_Slave_Receive_IT                          build/stm32l4xx_hal_i2c.o
HAL_I2C_Slave_Seq_Receive_DMA                     build/stm32l4xx_hal_i2c.o
HAL_I2C_Slave_Seq_Receive_IT                      build/stm32l4xx_hal_i2c.o
HAL_I2C_Slave_Seq_Transmit_DMA                    build/stm32l4xx_hal_i2c.o
HAL_I2C_Slave_Seq_Transmit_IT                     build/stm32l4xx_hal_i2c.o
HAL_I2C_Slave_Transmit                            build/stm32l4xx_hal_i2c.o
HAL_I2C_Slave_Transmit_DMA                        build/stm32l4xx_hal_i2c.o
HAL_I2C_Slave_Transmit_IT                         build/stm32l4xx_hal_i2c.o
HAL_IncTick                                       build/stm32l4xx_hal.o
                                                  build/stm32l4xx_it.o
HAL_Init                                          build/stm32l4xx_hal.o
                                                  build/main.o
HAL_InitTick                                      build/stm32l4xx_hal.o
                                                  build/stm32l4xx_hal_rcc.o
HAL_LIN_Init                                      build/stm32l4xx_hal_uart.o
HAL_LIN_SendBreak                                 build/stm32l4xx_hal_uart.o
HAL_MPU_ConfigRegion                              build/stm32l4xx_hal_cortex.o
HAL_MPU_Disable                                   build/stm32l4xx_hal_cortex.o
HAL_MPU_Enable                                    build/stm32l4xx_hal_cortex.o
HAL_MspDeInit                                     build/stm32l4xx_hal.o
HAL_MspInit                                       build/stm32l4xx_hal_msp.o
HAL_MultiProcessorEx_AddressLength_Set            build/stm32l4xx_hal_uart_ex.o
HAL_MultiProcessor_DisableMuteMode                build/stm32l4xx_hal_uart.o
HAL_MultiProcessor_EnableMuteMode                 build/stm32l4xx_hal_uart.o
HAL_MultiProcessor_EnterMuteMode                  build/stm32l4xx_hal_uart.o
HAL_MultiProcessor_Init                           build/stm32l4xx_hal_uart.o
HAL_NVIC_ClearPendingIRQ                          build/stm32l4xx_hal_cortex.o
HAL_NVIC_DisableIRQ                               build/stm32l4xx_hal_cortex.o
HAL_NVIC_EnableIRQ                                build/stm32l4xx_hal_cortex.o
HAL_NVIC_GetActive                                build/stm32l4xx_hal_cortex.o
HAL_NVIC_GetPendingIRQ                            build/stm32l4xx_hal_cortex.o
HAL_NVIC_GetPriority                              build/stm32l4xx_hal_cortex.o
HAL_NVIC_GetPriorityGrouping                      build/stm32l4xx_hal_cortex.o
HAL_NVIC_SetPendingIRQ                            build/stm32l4xx_hal_cortex.o
HAL_NVIC_SetPriority                              build/stm32l4xx_hal_cortex.o
                                                  build/stm32l4xx_hal.o
HAL_NVIC_SetPriorityGrouping                      build/stm32l4xx_hal_cortex.o
                                                  build/stm32l4xx_hal.o
HAL_NVIC_SystemReset                              build/stm32l4xx_hal_cortex.o
HAL_PWREx_ConfigPVM                               build/stm32l4xx_hal_pwr_ex.o
HAL_PWREx_ControlVoltageScaling                   build/stm32l4xx_hal_pwr_ex.o
                                                  build/main.o
HAL_PWREx_DisableBatteryCharging                  build/stm32l4xx_hal_pwr_ex.o
HAL_PWREx_DisableGPIOPullDown                     build/stm32l4xx_hal_pwr_ex.o
HAL_PWREx_DisableGPIOPullUp                       build/stm32l4xx_hal_pwr_ex.o
HAL_PWREx_DisableInternalWakeUpLine               build/stm32l4xx_hal_pwr_ex.o
HAL_PWREx_DisableLowPowerRunMode                  build/stm32l4xx_hal_pwr_ex.o
                                                  build/stm32l4xx_hal_pwr.o
HAL_PWREx_DisablePVM1                             build/stm32l4xx_hal_pwr_ex.o
HAL_PWREx_DisablePVM2                             build/stm32l4xx_hal_pwr_ex.o
HAL_PWREx_DisablePVM3                             build/stm32l4xx_hal_pwr_ex.o
HAL_PWREx_DisablePVM4                             build/stm32l4xx_hal_pwr_ex.o
HAL_PWREx_DisablePullUpPullDownConfig             build/stm32l4xx_hal_pwr_ex.o
HAL_PWREx_DisableSRAM2ContentRetention            build/stm32l4xx_hal_pwr_ex.o
HAL_PWREx_DisableVddIO2                           build/stm32l4xx_hal_pwr_ex.o
HAL_PWREx_DisableVddUSB                           build/stm32l4xx_hal_pwr_ex.o
HAL_PWREx_EnableBatteryCharging                   build/stm32l4xx_hal_pwr_ex.o
HAL_PWREx_EnableGPIOPullDown                      build/stm32l4xx_hal_pwr_ex.o
HAL_PWREx_EnableGPIOPullUp                        build/stm32l4xx_hal_pwr_ex.o
HAL_PWREx_EnableInternalWakeUpLine                build/stm32l4xx_hal_pwr_ex.o
HAL_PWREx_EnableLowPowerRunMode                   build/stm32l4xx_hal_pwr_ex.o
                                                  build/stm32l4xx_hal_pwr.o
HAL_PWREx_EnablePVM1                              build/stm32l4xx_hal_pwr_ex.o
HAL_PWREx_EnablePVM2                              build/stm32l4xx_hal_pwr_ex.o
HAL_PWREx_EnablePVM3                              build/stm32l4xx_hal_pwr_ex.o
HAL_PWREx_EnablePVM4                              build/stm32l4xx_hal_pwr_ex.o
HAL_PWREx_EnablePullUpPullDownConfig              build/stm32l4xx_hal_pwr_ex.o
HAL_PWREx_EnableSRAM2ContentRetention             build/stm32l4xx_hal_pwr_ex.o
HAL_PWREx_EnableVddIO2                            build/stm32l4xx_hal_pwr_ex.o
HAL_PWREx_EnableVddUSB                            build/stm32l4xx_hal_pwr_ex.o
HAL_PWREx_EnterSHUTDOWNMode                       build/stm32l4xx_hal_pwr_ex.o
HAL_PWREx_EnterSTOP0Mode                          build/stm32l4xx_hal_pwr_ex.o
                                                  build/stm32l4xx_hal_pwr.o
HAL_PWREx_EnterSTOP1Mode                          build/stm32l4xx_hal_pwr_ex.o
                                                  build/stm32l4xx_hal_pwr.o
HAL_PWREx_EnterSTOP2Mode                          build/stm32l4xx_hal_pwr_ex.o
HAL_PWREx_GetVoltageRange                         build/stm32l4xx_hal_pwr_ex.o
                                                  build/stm32l4xx_hal_rcc.o
HAL_PWREx_PVD_PVM_IRQHandler                      build/stm32l4xx_hal_pwr_ex.o
HAL_PWREx_PVM1Callback                            build/stm32l4xx_hal_pwr_ex.o
HAL_PWREx_PVM2Callback                            build/stm32l4xx_hal_pwr_ex.o
HAL_PWREx_PVM3Callback                            build/stm32l4xx_hal_pwr_ex.o
HAL_PWREx_PVM4Callback                            build/stm32l4xx_hal_pwr_ex.o
HAL_PWREx_SetSRAM2ContentRetention                build/stm32l4xx_hal_pwr_ex.o
HAL_PWR_ConfigPVD                                 build/stm32l4xx_hal_pwr.o
HAL_PWR_DeInit                                    build/stm32l4xx_hal_pwr.o
HAL_PWR_DisableBkUpAccess                         build/stm32l4xx_hal_pwr.o
                                                  build/stm32l4xx_hal_rcc_ex.o
HAL_PWR_DisablePVD                                build/stm32l4xx_hal_pwr.o
HAL_PWR_DisableSEVOnPend                          build/stm32l4xx_hal_pwr.o
HAL_PWR_DisableSleepOnExit                        build/stm32l4xx_hal_pwr.o
HAL_PWR_DisableWakeUpPin                          build/stm32l4xx_hal_pwr.o
HAL_PWR_EnableBkUpAccess                          build/stm32l4xx_hal_pwr.o
                                                  build/stm32l4xx_hal_rcc_ex.o
HAL_PWR_EnablePVD                                 build/stm32l4xx_hal_pwr.o
HAL_PWR_EnableSEVOnPend                           build/stm32l4xx_hal_pwr.o
HAL_PWR_EnableSleepOnExit                         build/stm32l4xx_hal_pwr.o
HAL_PWR_EnableWakeUpPin                           build/stm32l4xx_hal_pwr.o
HAL_PWR_EnterSLEEPMode                            build/stm32l4xx_hal_pwr.o
HAL_PWR_EnterSTANDBYMode                          build/stm32l4xx_hal_pwr.o
HAL_PWR_EnterSTOPMode                             build/stm32l4xx_hal_pwr.o
HAL_PWR_PVDCallback                               build/stm32l4xx_hal_pwr.o
                                                  build/stm32l4xx_hal_pwr_ex.o
HAL_RCCEx_DisableLSCO                             build/stm32l4xx_hal_rcc_ex.o
HAL_RCCEx_DisableLSECSS                           build/stm32l4xx_hal_rcc_ex.o
HAL_RCCEx_DisableMSIPLLMode                       build/stm32l4xx_hal_rcc_ex.o
HAL_RCCEx_DisablePLLSAI1                          build/stm32l4xx_hal_rcc_ex.o
HAL_RCCEx_DisablePLLSAI2                          build/stm32l4xx_hal_rcc_ex.o
HAL_RCCEx_EnableLSCO                              build/stm32l4xx_hal_rcc_ex.o
HAL_RCCEx_EnableLSECSS                            build/stm32l4xx_hal_rcc_ex.o
HAL_RCCEx_EnableLSECSS_IT                         build/stm32l4xx_hal_rcc_ex.o
HAL_RCCEx_EnableMSIPLLMode                        build/stm32l4xx_hal_rcc_ex.o
HAL_RCCEx_EnablePLLSAI1                           build/stm32l4xx_hal_rcc_ex.o
HAL_RCCEx_EnablePLLSAI2                           build/stm32l4xx_hal_rcc_ex.o
HAL_RCCEx_GetPeriphCLKConfig                      build/stm32l4xx_hal_rcc_ex.o
HAL_RCCEx_GetPeriphCLKFreq                        build/stm32l4xx_hal_rcc_ex.o
HAL_RCCEx_LSECSS_Callback                         build/stm32l4xx_hal_rcc_ex.o
HAL_RCCEx_LSECSS_IRQHandler                       build/stm32l4xx_hal_rcc_ex.o
HAL_RCCEx_PeriphCLKConfig                         build/stm32l4xx_hal_rcc_ex.o
                                                  build/main.o
HAL_RCCEx_StandbyMSIRangeConfig                   build/stm32l4xx_hal_rcc_ex.o
HAL_RCCEx_WakeUpStopCLKConfig                     build/stm32l4xx_hal_rcc_ex.o
HAL_RCC_CSSCallback                               build/stm32l4xx_hal_rcc.o
HAL_RCC_ClockConfig                               build/stm32l4xx_hal_rcc.o
                                                  build/main.o
HAL_RCC_DeInit                                    build/stm32l4xx_hal_rcc.o
HAL_RCC_EnableCSS                                 build/stm32l4xx_hal_rcc.o
HAL_RCC_GetClockConfig                            build/stm32l4xx_hal_rcc.o
HAL_RCC_GetHCLKFreq                               build/stm32l4xx_hal_rcc.o
HAL_RCC_GetOscConfig                              build/stm32l4xx_hal_rcc.o
HAL_RCC_GetPCLK1Freq                              build/stm32l4xx_hal_rcc.o
                                                  build/stm32l4xx_hal_rcc_ex.o
                                                  build/stm32l4xx_hal_uart.o
HAL_RCC_GetPCLK2Freq                              build/stm32l4xx_hal_rcc.o
                                                  build/stm32l4xx_hal_rcc_ex.o
                                                  build/stm32l4xx_hal_uart.o
HAL_RCC_GetSysClockFreq                           build/stm32l4xx_hal_rcc.o
                                                  build/stm32l4xx_hal_rcc_ex.o
                                                  build/stm32l4xx_hal_uart.o
HAL_RCC_MCOConfig                                 build/stm32l4xx_hal_rcc.o
HAL_RCC_NMI_IRQHandler                            build/stm32l4xx_hal_rcc.o
HAL_RCC_OscConfig                                 build/stm32l4xx_hal_rcc.o
                                                  build/main.o
HAL_RS485Ex_Init                                  build/stm32l4xx_hal_uart_ex.o
HAL_ResumeTick                                    build/stm32l4xx_hal.o
HAL_SYSCFG_DisableIOAnalogSwitchBooster           build/stm32l4xx_hal.o
HAL_SYSCFG_DisableMemorySwappingBank              build/stm32l4xx_hal.o
HAL_SYSCFG_DisableVREFBUF                         build/stm32l4xx_hal.o
HAL_SYSCFG_EnableIOAnalogSwitchBooster            build/stm32l4xx_hal.o
HAL_SYSCFG_EnableMemorySwappingBank               build/stm32l4xx_hal.o
HAL_SYSCFG_EnableVREFBUF                          build/stm32l4xx_hal.o
HAL_SYSCFG_SRAM2Erase                             build/stm32l4xx_hal.o
HAL_SYSCFG_VREFBUF_HighImpedanceConfig            build/stm32l4xx_hal.o
HAL_SYSCFG_VREFBUF_TrimmingConfig                 build/stm32l4xx_hal.o
HAL_SYSCFG_VREFBUF_VoltageScalingConfig           build/stm32l4xx_hal.o
HAL_SYSTICK_CLKSourceConfig                       build/stm32l4xx_hal_cortex.o
HAL_SYSTICK_Callback                              build/stm32l4xx_hal_cortex.o
HAL_SYSTICK_Config                                build/stm32l4xx_hal_cortex.o
                                                  build/stm32l4xx_hal.o
HAL_SYSTICK_IRQHandler                            build/stm32l4xx_hal_cortex.o
HAL_SetTickFreq                                   build/stm32l4xx_hal.o
HAL_SuspendTick                                   build/stm32l4xx_hal.o
HAL_UARTEx_DisableClockStopMode                   build/stm32l4xx_hal_uart_ex.o
HAL_UARTEx_DisableStopMode                        build/stm32l4xx_hal_uart_ex.o
HAL_UARTEx_EnableClockStopMode                    build/stm32l4xx_hal_uart_ex.o
HAL_UARTEx_EnableStopMode                         build/stm32l4xx_hal_uart_ex.o
HAL_UARTEx_StopModeWakeUpSourceConfig             build/stm32l4xx_hal_uart_ex.o
HAL_UARTEx_WakeupCallback                         build/stm32l4xx_hal_uart_ex.o
                                                  build/stm32l4xx_hal_uart.o
HAL_UART_Abort                                    build/stm32l4xx_hal_uart.o
HAL_UART_AbortCpltCallback                        build/stm32l4xx_hal_uart.o
HAL_UART_AbortReceive                             build/stm32l4xx_hal_uart.o
HAL_UART_AbortReceiveCpltCallback                 build/stm32l4xx_hal_uart.o
HAL_UART_AbortReceive_IT                          build/stm32l4xx_hal_uart.o
HAL_UART_AbortTransmit                            build/stm32l4xx_hal_uart.o
HAL_UART_AbortTransmitCpltCallback                build/stm32l4xx_hal_uart.o
HAL_UART_AbortTransmit_IT                         build/stm32l4xx_hal_uart.o
HAL_UART_Abort_IT                                 build/stm32l4xx_hal_uart.o
HAL_UART_DMAPause                                 build/stm32l4xx_hal_uart.o
HAL_UART_DMAResume                                build/stm32l4xx_hal_uart.o
HAL_UART_DMAStop                                  build/stm32l4xx_hal_uart.o
HAL_UART_DeInit                                   build/stm32l4xx_hal_uart.o
HAL_UART_DisableReceiverTimeout                   build/stm32l4xx_hal_uart.o
HAL_UART_EnableReceiverTimeout                    build/stm32l4xx_hal_uart.o
HAL_UART_ErrorCallback                            build/stm32l4xx_hal_uart.o
HAL_UART_GetError                                 build/stm32l4xx_hal_uart.o
HAL_UART_GetState                                 build/stm32l4xx_hal_uart.o
HAL_UART_IRQHandler                               build/stm32l4xx_hal_uart.o
HAL_UART_Init                                     build/stm32l4xx_hal_uart.o
                                                  build/usart.o
HAL_UART_MspDeInit                                build/usart.o
HAL_UART_MspInit                                  build/usart.o
                                                  build/stm32l4xx_hal_uart_ex.o
HAL_UART_Receive                                  build/stm32l4xx_hal_uart.o
HAL_UART_Receive_DMA                              build/stm32l4xx_hal_uart.o
HAL_UART_Receive_IT                               build/stm32l4xx_hal_uart.o
HAL_UART_ReceiverTimeout_Config                   build/stm32l4xx_hal_uart.o
HAL_UART_RxCpltCallback                           build/stm32l4xx_hal_uart.o
HAL_UART_RxHalfCpltCallback                       build/stm32l4xx_hal_uart.o
HAL_UART_Transmit                                 build/stm32l4xx_hal_uart.o
HAL_UART_Transmit_DMA                             build/stm32l4xx_hal_uart.o
HAL_UART_Transmit_IT                              build/stm32l4xx_hal_uart.o
HAL_UART_TxCpltCallback                           build/stm32l4xx_hal_uart.o
HAL_UART_TxHalfCpltCallback                       build/stm32l4xx_hal_uart.o
HardFault_Handler                                 build/stm32l4xx_it.o
I2C1_ER_IRQHandler                                build/startup_stm32l476xx.o
I2C1_EV_IRQHandler                                build/startup_stm32l476xx.o
I2C2_ER_IRQHandler                                build/startup_stm32l476xx.o
I2C2_EV_IRQHandler                                build/startup_stm32l476xx.o
I2C3_ER_IRQHandler                                build/startup_stm32l476xx.o
I2C3_EV_IRQHandler                                build/startup_stm32l476xx.o
LCD_IRQHandler                                    build/startup_stm32l476xx.o
LPTIM1_IRQHandler                                 build/startup_stm32l476xx.o
LPTIM2_IRQHandler                                 build/startup_stm32l476xx.o
LPUART1_IRQHandler                                build/startup_stm32l476xx.o
MSIRangeTable                                     build/system_stm32l4xx.o
                                                  build/stm32l4xx_hal_rcc_ex.o
                                                  build/stm32l4xx_hal_rcc.o
MX_GPIO_Init                                      build/gpio.o
                                                  build/main.o
MX_USART2_UART_Init                               build/usart.o
                                                  build/main.o
MemManage_Handler                                 build/stm32l4xx_it.o
NMI_Handler                                       build/stm32l4xx_it.o
OTG_FS_IRQHandler                                 build/startup_stm32l476xx.o
PVD_PVM_IRQHandler                                build/startup_stm32l476xx.o
PendSV_Handler                                    build/stm32l4xx_it.o
QUADSPI_IRQHandler                                build/startup_stm32l476xx.o
RCC_IRQHandler                                    build/startup_stm32l476xx.o
RNG_IRQHandler                                    build/startup_stm32l476xx.o
RTC_Alarm_IRQHandler                              build/startup_stm32l476xx.o
RTC_WKUP_IRQHandler                               build/startup_stm32l476xx.o
Reset_Handler                                     build/startup_stm32l476xx.o
SAI1_IRQHandler                                   build/startup_stm32l476xx.o
SAI2_IRQHandler                                   build/startup_stm32l476xx.o
SDMMC1_IRQHandler                                 build/startup_stm32l476xx.o
SPI1_IRQHandler                                   build/startup_stm32l476xx.o
SPI2_IRQHandler                                   build/startup_stm32l476xx.o
SPI3_IRQHandler                                   build/startup_stm32l476xx.o
SVC_Handler                                       build/stm32l4xx_it.o
SWPMI1_IRQHandler                                 build/startup_stm32l476xx.o
SysTick_Handler                                   build/stm32l4xx_it.o
SystemClock_Config                                build/main.o
SystemCoreClock                                   build/system_stm32l4xx.o
                                                  build/stm32l4xx_hal_pwr_ex.o
                                                  build/stm32l4xx_hal_rcc.o
                                                  build/stm32l4xx_hal.o
SystemCoreClockUpdate                             build/system_stm32l4xx.o
SystemInit                                        build/system_stm32l4xx.o
                                                  build/startup_stm32l476xx.o
TAMP_STAMP_IRQHandler                             build/startup_stm32l476xx.o
TIM1_BRK_TIM15_IRQHandler                         build/startup_stm32l476xx.o
TIM1_CC_IRQHandler                                build/startup_stm32l476xx.o
TIM1_TRG_COM_TIM17_IRQHandler                     build/startup_stm32l476xx.o
TIM1_UP_TIM16_IRQHandler                          build/startup_stm32l476xx.o
TIM2_IRQHandler                                   build/startup_stm32l476xx.o
TIM3_IRQHandler                                   build/startup_stm32l476xx.o
TIM4_IRQHandler                                   build/startup_stm32l476xx.o
TIM5_IRQHandler                                   build/startup_stm32l476xx.o
TIM6_DAC_IRQHandler                               build/startup_stm32l476xx.o
TIM7_IRQHandler                                   build/startup_stm32l476xx.o
TIM8_BRK_IRQHandler                               build/startup_stm32l476xx.o
TIM8_CC_IRQHandler                                build/startup_stm32l476xx.o
TIM8_TRG_COM_IRQHandler                           build/startup_stm32l476xx.o
TIM8_UP_IRQHandler                                build/startup_stm32l476xx.o
TSC_IRQHandler                                    build/startup_stm32l476xx.o
UART4_IRQHandler                                  build/startup_stm32l476xx.o
UART5_IRQHandler                                  build/startup_stm32l476xx.o
UART_AdvFeatureConfig                             build/stm32l4xx_hal_uart.o
                                                  build/stm32l4xx_hal_uart_ex.o
UART_CheckIdleState                               build/stm32l4xx_hal_uart.o
                                                  build/stm32l4xx_hal_uart_ex.o
UART_SetConfig                                    build/stm32l4xx_hal_uart.o
                                                  build/stm32l4xx_hal_uart_ex.o
UART_WaitOnFlagUntilTimeout                       build/stm32l4xx_hal_uart.o
                                                  build/stm32l4xx_hal_uart_ex.o
USART1_IRQHandler                                 build/startup_stm32l476xx.o
USART2_IRQHandler                                 build/startup_stm32l476xx.o
USART3_IRQHandler                                 build/startup_stm32l476xx.o
UsageFault_Handler                                build/stm32l4xx_it.o
WWDG_IRQHandler                                   build/startup_stm32l476xx.o
__aeabi_idiv0                                     c:/users/sunik/appdata/roaming/gnu mcu eclipse/gnu eclipse arm embedded gcc/bin/../lib/gcc/arm-none-eabi/9.2.1/thumb/v7e-m+fp/hard\libgcc.a(_dvmd_tls.o)
__aeabi_ldiv0                                     c:/users/sunik/appdata/roaming/gnu mcu eclipse/gnu eclipse arm embedded gcc/bin/../lib/gcc/arm-none-eabi/9.2.1/thumb/v7e-m+fp/hard\libgcc.a(_dvmd_tls.o)
                                                  c:/users/sunik/appdata/roaming/gnu mcu eclipse/gnu eclipse arm embedded gcc/bin/../lib/gcc/arm-none-eabi/9.2.1/thumb/v7e-m+fp/hard\libgcc.a(_aeabi_uldivmod.o)
__aeabi_uldivmod                                  c:/users/sunik/appdata/roaming/gnu mcu eclipse/gnu eclipse arm embedded gcc/bin/../lib/gcc/arm-none-eabi/9.2.1/thumb/v7e-m+fp/hard\libgcc.a(_aeabi_uldivmod.o)
                                                  build/stm32l4xx_hal_uart.o
__bss_end__                                       c:/users/sunik/appdata/roaming/gnu mcu eclipse/gnu eclipse arm embedded gcc/bin/../lib/gcc/arm-none-eabi/9.2.1/../../../../arm-none-eabi/lib/thumb/v7e-m+fp/hard/crt0.o
__bss_start__                                     c:/users/sunik/appdata/roaming/gnu mcu eclipse/gnu eclipse arm embedded gcc/bin/../lib/gcc/arm-none-eabi/9.2.1/../../../../arm-none-eabi/lib/thumb/v7e-m+fp/hard/crt0.o
__call_exitprocs                                  c:/users/sunik/appdata/roaming/gnu mcu eclipse/gnu eclipse arm embedded gcc/bin/../lib/gcc/arm-none-eabi/9.2.1/../../../../arm-none-eabi/lib/thumb/v7e-m+fp/hard\libc_nano.a(lib_a-exit.o)
__deregister_frame_info                           c:/users/sunik/appdata/roaming/gnu mcu eclipse/gnu eclipse arm embedded gcc/bin/../lib/gcc/arm-none-eabi/9.2.1/thumb/v7e-m+fp/hard/crtbegin.o
__dso_handle                                      c:/users/sunik/appdata/roaming/gnu mcu eclipse/gnu eclipse arm embedded gcc/bin/../lib/gcc/arm-none-eabi/9.2.1/thumb/v7e-m+fp/hard/crtbegin.o
__init_array_end                                  c:/users/sunik/appdata/roaming/gnu mcu eclipse/gnu eclipse arm embedded gcc/bin/../lib/gcc/arm-none-eabi/9.2.1/../../../../arm-none-eabi/lib/thumb/v7e-m+fp/hard\libc_nano.a(lib_a-init.o)
__init_array_start                                c:/users/sunik/appdata/roaming/gnu mcu eclipse/gnu eclipse arm embedded gcc/bin/../lib/gcc/arm-none-eabi/9.2.1/../../../../arm-none-eabi/lib/thumb/v7e-m+fp/hard\libc_nano.a(lib_a-init.o)
__libc_fini_array                                 c:/users/sunik/appdata/roaming/gnu mcu eclipse/gnu eclipse arm embedded gcc/bin/../lib/gcc/arm-none-eabi/9.2.1/../../../../arm-none-eabi/lib/thumb/v7e-m+fp/hard/crt0.o
__libc_init_array                                 c:/users/sunik/appdata/roaming/gnu mcu eclipse/gnu eclipse arm embedded gcc/bin/../lib/gcc/arm-none-eabi/9.2.1/../../../../arm-none-eabi/lib/thumb/v7e-m+fp/hard\libc_nano.a(lib_a-init.o)
                                                  build/startup_stm32l476xx.o
                                                  c:/users/sunik/appdata/roaming/gnu mcu eclipse/gnu eclipse arm embedded gcc/bin/../lib/gcc/arm-none-eabi/9.2.1/../../../../arm-none-eabi/lib/thumb/v7e-m+fp/hard/crt0.o
__preinit_array_end                               c:/users/sunik/appdata/roaming/gnu mcu eclipse/gnu eclipse arm embedded gcc/bin/../lib/gcc/arm-none-eabi/9.2.1/../../../../arm-none-eabi/lib/thumb/v7e-m+fp/hard\libc_nano.a(lib_a-init.o)
__preinit_array_start                             c:/users/sunik/appdata/roaming/gnu mcu eclipse/gnu eclipse arm embedded gcc/bin/../lib/gcc/arm-none-eabi/9.2.1/../../../../arm-none-eabi/lib/thumb/v7e-m+fp/hard\libc_nano.a(lib_a-init.o)
__register_frame_info                             c:/users/sunik/appdata/roaming/gnu mcu eclipse/gnu eclipse arm embedded gcc/bin/../lib/gcc/arm-none-eabi/9.2.1/thumb/v7e-m+fp/hard/crtbegin.o
__sf_fake_stderr                                  c:/users/sunik/appdata/roaming/gnu mcu eclipse/gnu eclipse arm embedded gcc/bin/../lib/gcc/arm-none-eabi/9.2.1/../../../../arm-none-eabi/lib/thumb/v7e-m+fp/hard\libc_nano.a(lib_a-impure.o)
__sf_fake_stdin                                   c:/users/sunik/appdata/roaming/gnu mcu eclipse/gnu eclipse arm embedded gcc/bin/../lib/gcc/arm-none-eabi/9.2.1/../../../../arm-none-eabi/lib/thumb/v7e-m+fp/hard\libc_nano.a(lib_a-impure.o)
__sf_fake_stdout                                  c:/users/sunik/appdata/roaming/gnu mcu eclipse/gnu eclipse arm embedded gcc/bin/../lib/gcc/arm-none-eabi/9.2.1/../../../../arm-none-eabi/lib/thumb/v7e-m+fp/hard\libc_nano.a(lib_a-impure.o)
__stack                                           c:/users/sunik/appdata/roaming/gnu mcu eclipse/gnu eclipse arm embedded gcc/bin/../lib/gcc/arm-none-eabi/9.2.1/../../../../arm-none-eabi/lib/thumb/v7e-m+fp/hard/crt0.o
__udivmoddi4                                      c:/users/sunik/appdata/roaming/gnu mcu eclipse/gnu eclipse arm embedded gcc/bin/../lib/gcc/arm-none-eabi/9.2.1/thumb/v7e-m+fp/hard\libgcc.a(_udivmoddi4.o)
                                                  c:/users/sunik/appdata/roaming/gnu mcu eclipse/gnu eclipse arm embedded gcc/bin/../lib/gcc/arm-none-eabi/9.2.1/thumb/v7e-m+fp/hard\libgcc.a(_aeabi_uldivmod.o)
_ebss                                             build/startup_stm32l476xx.o
_edata                                            build/startup_stm32l476xx.o
_estack                                           build/startup_stm32l476xx.o
_exit                                             c:/users/sunik/appdata/roaming/gnu mcu eclipse/gnu eclipse arm embedded gcc/bin/../lib/gcc/arm-none-eabi/9.2.1/../../../../arm-none-eabi/lib/thumb/v7e-m+fp/hard\libnosys.a(_exit.o)
                                                  c:/users/sunik/appdata/roaming/gnu mcu eclipse/gnu eclipse arm embedded gcc/bin/../lib/gcc/arm-none-eabi/9.2.1/../../../../arm-none-eabi/lib/thumb/v7e-m+fp/hard\libc_nano.a(lib_a-exit.o)
_fini                                             c:/users/sunik/appdata/roaming/gnu mcu eclipse/gnu eclipse arm embedded gcc/bin/../lib/gcc/arm-none-eabi/9.2.1/thumb/v7e-m+fp/hard/crti.o
_global_impure_ptr                                c:/users/sunik/appdata/roaming/gnu mcu eclipse/gnu eclipse arm embedded gcc/bin/../lib/gcc/arm-none-eabi/9.2.1/../../../../arm-none-eabi/lib/thumb/v7e-m+fp/hard\libc_nano.a(lib_a-impure.o)
                                                  c:/users/sunik/appdata/roaming/gnu mcu eclipse/gnu eclipse arm embedded gcc/bin/../lib/gcc/arm-none-eabi/9.2.1/../../../../arm-none-eabi/lib/thumb/v7e-m+fp/hard\libc_nano.a(lib_a-exit.o)
_impure_ptr                                       c:/users/sunik/appdata/roaming/gnu mcu eclipse/gnu eclipse arm embedded gcc/bin/../lib/gcc/arm-none-eabi/9.2.1/../../../../arm-none-eabi/lib/thumb/v7e-m+fp/hard\libc_nano.a(lib_a-impure.o)
_init                                             c:/users/sunik/appdata/roaming/gnu mcu eclipse/gnu eclipse arm embedded gcc/bin/../lib/gcc/arm-none-eabi/9.2.1/thumb/v7e-m+fp/hard/crti.o
                                                  c:/users/sunik/appdata/roaming/gnu mcu eclipse/gnu eclipse arm embedded gcc/bin/../lib/gcc/arm-none-eabi/9.2.1/../../../../arm-none-eabi/lib/thumb/v7e-m+fp/hard\libc_nano.a(lib_a-init.o)
_mainCRTStartup                                   c:/users/sunik/appdata/roaming/gnu mcu eclipse/gnu eclipse arm embedded gcc/bin/../lib/gcc/arm-none-eabi/9.2.1/../../../../arm-none-eabi/lib/thumb/v7e-m+fp/hard/crt0.o
_sbss                                             build/startup_stm32l476xx.o
_sdata                                            build/startup_stm32l476xx.o
_sidata                                           build/startup_stm32l476xx.o
_start                                            c:/users/sunik/appdata/roaming/gnu mcu eclipse/gnu eclipse arm embedded gcc/bin/../lib/gcc/arm-none-eabi/9.2.1/../../../../arm-none-eabi/lib/thumb/v7e-m+fp/hard/crt0.o
atexit                                            c:/users/sunik/appdata/roaming/gnu mcu eclipse/gnu eclipse arm embedded gcc/bin/../lib/gcc/arm-none-eabi/9.2.1/../../../../arm-none-eabi/lib/thumb/v7e-m+fp/hard/crt0.o
exit                                              c:/users/sunik/appdata/roaming/gnu mcu eclipse/gnu eclipse arm embedded gcc/bin/../lib/gcc/arm-none-eabi/9.2.1/../../../../arm-none-eabi/lib/thumb/v7e-m+fp/hard\libc_nano.a(lib_a-exit.o)
                                                  c:/users/sunik/appdata/roaming/gnu mcu eclipse/gnu eclipse arm embedded gcc/bin/../lib/gcc/arm-none-eabi/9.2.1/../../../../arm-none-eabi/lib/thumb/v7e-m+fp/hard/crt0.o
g_pfnVectors                                      build/startup_stm32l476xx.o
hardware_init_hook                                c:/users/sunik/appdata/roaming/gnu mcu eclipse/gnu eclipse arm embedded gcc/bin/../lib/gcc/arm-none-eabi/9.2.1/../../../../arm-none-eabi/lib/thumb/v7e-m+fp/hard/crt0.o
huart2                                            build/usart.o
main                                              build/main.o
                                                  build/startup_stm32l476xx.o
                                                  c:/users/sunik/appdata/roaming/gnu mcu eclipse/gnu eclipse arm embedded gcc/bin/../lib/gcc/arm-none-eabi/9.2.1/../../../../arm-none-eabi/lib/thumb/v7e-m+fp/hard/crt0.o
memset                                            c:/users/sunik/appdata/roaming/gnu mcu eclipse/gnu eclipse arm embedded gcc/bin/../lib/gcc/arm-none-eabi/9.2.1/../../../../arm-none-eabi/lib/thumb/v7e-m+fp/hard\libc_nano.a(lib_a-memset.o)
                                                  build/main.o
                                                  c:/users/sunik/appdata/roaming/gnu mcu eclipse/gnu eclipse arm embedded gcc/bin/../lib/gcc/arm-none-eabi/9.2.1/../../../../arm-none-eabi/lib/thumb/v7e-m+fp/hard/crt0.o
pFlash                                            build/stm32l4xx_hal_flash.o
                                                  build/stm32l4xx_hal_flash_ex.o
software_init_hook                                c:/users/sunik/appdata/roaming/gnu mcu eclipse/gnu eclipse arm embedded gcc/bin/../lib/gcc/arm-none-eabi/9.2.1/../../../../arm-none-eabi/lib/thumb/v7e-m+fp/hard/crt0.o
uwTick                                            build/stm32l4xx_hal.o
uwTickFreq                                        build/stm32l4xx_hal.o
uwTickPrio                                        build/stm32l4xx_hal.o
                                                  build/stm32l4xx_hal_rcc.o
